D:\Onedrive\OneDrive - Tessolve Semiconductor Private Limited\Documents\MCUXpressoIDE_11.9.0_2144\workspace\evkbmimxrt1170_sai_edma_tdm_record_playback_cm7\drivers/fsl_clock.h:2178:20:CLOCK_ControlGate	16	static
D:\Onedrive\OneDrive - Tessolve Semiconductor Private Limited\Documents\MCUXpressoIDE_11.9.0_2144\workspace\evkbmimxrt1170_sai_edma_tdm_record_playback_cm7\drivers/fsl_clock.h:2197:20:CLOCK_EnableClock	16	static
D:\Onedrive\OneDrive - Tessolve Semiconductor Private Limited\Documents\MCUXpressoIDE_11.9.0_2144\workspace\evkbmimxrt1170_sai_edma_tdm_record_playback_cm7\drivers/fsl_iomuxc.h:1633:20:IOMUXC_SetPinMux	24	static
D:\Onedrive\OneDrive - Tessolve Semiconductor Private Limited\Documents\MCUXpressoIDE_11.9.0_2144\workspace\evkbmimxrt1170_sai_edma_tdm_record_playback_cm7\drivers/fsl_iomuxc.h:1665:20:IOMUXC_SetPinConfig	24	static
../board/pin_mux.c:35:6:BOARD_InitBootPins	8	static
../board/pin_mux.c:96:6:BOARD_InitPins	16	static
