Archive member included to satisfy reference by file (symbol)

c:/nxp/mcuxpressoide_11.9.0_2144/ide/plugins/com.nxp.mcuxpresso.tools.win32_11.9.0.202307121226/tools/bin/../lib/gcc/arm-none-eabi/12.3.1/../../../../arm-none-eabi/lib/thumb/v7e-m+dp/hard\libcr_nohost_nf.a(_cr__main.o)
                              ./startup/startup_mimxrt1176_cm7.o (__main)
c:/nxp/mcuxpressoide_11.9.0_2144/ide/plugins/com.nxp.mcuxpresso.tools.win32_11.9.0.202307121226/tools/bin/../lib/gcc/arm-none-eabi/12.3.1/../../../../arm-none-eabi/lib/thumb/v7e-m+dp/hard\libcr_c.a(memset.o)
                              ./drivers/fsl_dcdc.o (memset)
c:/nxp/mcuxpressoide_11.9.0_2144/ide/plugins/com.nxp.mcuxpresso.tools.win32_11.9.0.202307121226/tools/bin/../lib/gcc/arm-none-eabi/12.3.1/../../../../arm-none-eabi/lib/thumb/v7e-m+dp/hard\libcr_c.a(alloc.o)
                              ./drivers/fsl_common.o (malloc)
c:/nxp/mcuxpressoide_11.9.0_2144/ide/plugins/com.nxp.mcuxpresso.tools.win32_11.9.0.202307121226/tools/bin/../lib/gcc/arm-none-eabi/12.3.1/../../../../arm-none-eabi/lib/thumb/v7e-m+dp/hard\libcr_c.a(errno.o)
                              ./utilities/fsl_str.o (errno)
c:/nxp/mcuxpressoide_11.9.0_2144/ide/plugins/com.nxp.mcuxpresso.tools.win32_11.9.0.202307121226/tools/bin/../lib/gcc/arm-none-eabi/12.3.1/../../../../arm-none-eabi/lib/thumb/v7e-m+dp/hard\libcr_c.a(initio.o)
                              c:/nxp/mcuxpressoide_11.9.0_2144/ide/plugins/com.nxp.mcuxpresso.tools.win32_11.9.0.202307121226/tools/bin/../lib/gcc/arm-none-eabi/12.3.1/../../../../arm-none-eabi/lib/thumb/v7e-m+dp/hard\libcr_nohost_nf.a(_cr__main.o) (_initio)
c:/nxp/mcuxpressoide_11.9.0_2144/ide/plugins/com.nxp.mcuxpresso.tools.win32_11.9.0.202307121226/tools/bin/../lib/gcc/arm-none-eabi/12.3.1/../../../../arm-none-eabi/lib/thumb/v7e-m+dp/hard\libcr_c.a(scanf.o)
                              ./utilities/fsl_str.o (strtoul)
c:/nxp/mcuxpressoide_11.9.0_2144/ide/plugins/com.nxp.mcuxpresso.tools.win32_11.9.0.202307121226/tools/bin/../lib/gcc/arm-none-eabi/12.3.1/../../../../arm-none-eabi/lib/thumb/v7e-m+dp/hard\libcr_c.a(setvbuf.o)
                              c:/nxp/mcuxpressoide_11.9.0_2144/ide/plugins/com.nxp.mcuxpresso.tools.win32_11.9.0.202307121226/tools/bin/../lib/gcc/arm-none-eabi/12.3.1/../../../../arm-none-eabi/lib/thumb/v7e-m+dp/hard\libcr_c.a(initio.o) (setvbuf)
c:/nxp/mcuxpressoide_11.9.0_2144/ide/plugins/com.nxp.mcuxpresso.tools.win32_11.9.0.202307121226/tools/bin/../lib/gcc/arm-none-eabi/12.3.1/../../../../arm-none-eabi/lib/thumb/v7e-m+dp/hard\libcr_c.a(strlen.o)
                              ./utilities/fsl_debug_console.o (strlen)
c:/nxp/mcuxpressoide_11.9.0_2144/ide/plugins/com.nxp.mcuxpresso.tools.win32_11.9.0.202307121226/tools/bin/../lib/gcc/arm-none-eabi/12.3.1/../../../../arm-none-eabi/lib/thumb/v7e-m+dp/hard\libcr_c.a(ungetc.o)
                              c:/nxp/mcuxpressoide_11.9.0_2144/ide/plugins/com.nxp.mcuxpresso.tools.win32_11.9.0.202307121226/tools/bin/../lib/gcc/arm-none-eabi/12.3.1/../../../../arm-none-eabi/lib/thumb/v7e-m+dp/hard\libcr_c.a(scanf.o) (ungetc)
c:/nxp/mcuxpressoide_11.9.0_2144/ide/plugins/com.nxp.mcuxpresso.tools.win32_11.9.0.202307121226/tools/bin/../lib/gcc/arm-none-eabi/12.3.1/../../../../arm-none-eabi/lib/thumb/v7e-m+dp/hard\libcr_c.a(__fillbuf.o)
                              c:/nxp/mcuxpressoide_11.9.0_2144/ide/plugins/com.nxp.mcuxpresso.tools.win32_11.9.0.202307121226/tools/bin/../lib/gcc/arm-none-eabi/12.3.1/../../../../arm-none-eabi/lib/thumb/v7e-m+dp/hard\libcr_c.a(scanf.o) (__filbuf)
c:/nxp/mcuxpressoide_11.9.0_2144/ide/plugins/com.nxp.mcuxpresso.tools.win32_11.9.0.202307121226/tools/bin/../lib/gcc/arm-none-eabi/12.3.1/../../../../arm-none-eabi/lib/thumb/v7e-m+dp/hard\libcr_c.a(__init_alloc.o)
                              c:/nxp/mcuxpressoide_11.9.0_2144/ide/plugins/com.nxp.mcuxpresso.tools.win32_11.9.0.202307121226/tools/bin/../lib/gcc/arm-none-eabi/12.3.1/../../../../arm-none-eabi/lib/thumb/v7e-m+dp/hard\libcr_c.a(alloc.o) (__heaps)
c:/nxp/mcuxpressoide_11.9.0_2144/ide/plugins/com.nxp.mcuxpresso.tools.win32_11.9.0.202307121226/tools/bin/../lib/gcc/arm-none-eabi/12.3.1/../../../../arm-none-eabi/lib/thumb/v7e-m+dp/hard\libcr_c.a(_cr_sbrk.o)
                              c:/nxp/mcuxpressoide_11.9.0_2144/ide/plugins/com.nxp.mcuxpresso.tools.win32_11.9.0.202307121226/tools/bin/../lib/gcc/arm-none-eabi/12.3.1/../../../../arm-none-eabi/lib/thumb/v7e-m+dp/hard\libcr_c.a(alloc.o) (_sbrk)
c:/nxp/mcuxpressoide_11.9.0_2144/ide/plugins/com.nxp.mcuxpresso.tools.win32_11.9.0.202307121226/tools/bin/../lib/gcc/arm-none-eabi/12.3.1/../../../../arm-none-eabi/lib/thumb/v7e-m+dp/hard\libcr_c.a(_deferredlazyseek.o)
                              c:/nxp/mcuxpressoide_11.9.0_2144/ide/plugins/com.nxp.mcuxpresso.tools.win32_11.9.0.202307121226/tools/bin/../lib/gcc/arm-none-eabi/12.3.1/../../../../arm-none-eabi/lib/thumb/v7e-m+dp/hard\libcr_c.a(__fillbuf.o) (_deferredlazyseek)
[...]
Memory Configuration

Name             Origin             Length             Attributes
BOARD_FLASH      0x30000000         0x04000000         xr
SRAM_DTC_cm7     0x20000000         0x00040000         xrw
SRAM_ITC_cm7     0x00000000         0x00040000         xrw
SRAM_OC1         0x20240000         0x00080000         xrw
SRAM_OC2         0x202c0000         0x00040000         xrw
NCACHE_REGION    0x20300000         0x00040000         xrw
SRAM_OC_ECC1     0x20340000         0x00010000         xrw
SRAM_OC_ECC2     0x20350000         0x00010000         xrw
BOARD_SDRAM      0x80000000         0x04000000         xrw
*default*        0x00000000         0xffffffff

Linker script and memory map

LOAD ./xip/evkbmimxrt1170_flexspi_nor_config.o
LOAD ./xip/fsl_flexspi_nor_boot.o
LOAD ./utilities/fsl_assert.o
LOAD ./utilities/fsl_debug_console.o
LOAD ./utilities/fsl_memcpy.o
LOAD ./utilities/fsl_str.o
LOAD ./startup/boot_multicore_slave.o
LOAD ./startup/startup_mimxrt1176_cm7.o
LOAD ./source/sai_edma_tdm_record_playback.o
LOAD ./source/semihost_hardfault.o
LOAD ./drivers/fsl_anatop_ai.o
LOAD ./drivers/fsl_cache.o
LOAD ./drivers/fsl_clock.o
LOAD ./drivers/fsl_common.o
LOAD ./drivers/fsl_common_arm.o
LOAD ./drivers/fsl_dcdc.o
LOAD ./drivers/fsl_dmamux.o
LOAD ./drivers/fsl_edma.o
LOAD ./drivers/fsl_gpc.o
LOAD ./drivers/fsl_gpio.o
LOAD ./drivers/fsl_lpi2c.o
LOAD ./drivers/fsl_lpuart.o
LOAD ./drivers/fsl_mu.o
LOAD ./drivers/fsl_pmu.o
LOAD ./drivers/fsl_sai.o
LOAD ./drivers/fsl_sai_edma.o
LOAD ./drivers/fsl_soc_src.o
LOAD ./device/system_MIMXRT1176_cm7.o
LOAD ./component/uart/fsl_adapter_lpuart.o
LOAD ./component/lists/fsl_component_generic_list.o
LOAD ./component/i2c/fsl_adapter_lpi2c.o
LOAD ./codec/port/cs42448/fsl_codec_cs42448_adapter.o
LOAD ./codec/fsl_codec_common.o
LOAD ./codec/fsl_codec_i2c.o
LOAD ./codec/fsl_cs42448.o
LOAD ./board/board.o
LOAD ./board/clock_config.o
LOAD ./board/dcd.o
LOAD ./board/pin_mux.o
START GROUP
LOAD c:/nxp/mcuxpressoide_11.9.0_2144/ide/plugins/com.nxp.mcuxpresso.tools.win32_11.9.0.202307121226/tools/bin/../lib/gcc/arm-none-eabi/12.3.1/../../../../arm-none-eabi/lib/thumb/v7e-m+dp/hard\libcr_nohost_nf.a
LOAD c:/nxp/mcuxpressoide_11.9.0_2144/ide/plugins/com.nxp.mcuxpresso.tools.win32_11.9.0.202307121226/tools/bin/../lib/gcc/arm-none-eabi/12.3.1/../../../../arm-none-eabi/lib/thumb/v7e-m+dp/hard\libcr_c.a
LOAD c:/nxp/mcuxpressoide_11.9.0_2144/ide/plugins/com.nxp.mcuxpresso.tools.win32_11.9.0.202307121226/tools/bin/../lib/gcc/arm-none-eabi/12.3.1/thumb/v7e-m+dp/hard\libcr_eabihelpers.a
LOAD c:/nxp/mcuxpressoide_11.9.0_2144/ide/plugins/com.nxp.mcuxpresso.tools.win32_11.9.0.202307121226/tools/bin/../lib/gcc/arm-none-eabi/12.3.1/thumb/v7e-m+dp/hard\libgcc.a
END GROUP
                0x30000000                        __base_BOARD_FLASH = 0x30000000
                0x30000000                        __base_Flash = 0x30000000
                0x34000000                        __top_BOARD_FLASH = 0x34000000
                0x34000000                        __top_Flash = 0x34000000
                0x20000000                        __base_SRAM_DTC_cm7 = 0x20000000
                0x20000000                        __base_RAM = 0x20000000
                0x20040000                        __top_SRAM_DTC_cm7 = 0x20040000
                0x20040000                        __top_RAM = 0x20040000
                0x00000000                        __base_SRAM_ITC_cm7 = 0x0
                0x00000000                        __base_RAM2 = 0x0
                0x00040000                        __top_SRAM_ITC_cm7 = 0x40000
                0x00040000                        __top_RAM2 = 0x40000
                0x20240000                        __base_SRAM_OC1 = 0x20240000
                0x20240000                        __base_RAM3 = 0x20240000
                0x202c0000                        __top_SRAM_OC1 = 0x202c0000
                0x202c0000                        __top_RAM3 = 0x202c0000
                0x202c0000                        __base_SRAM_OC2 = 0x202c0000
                0x202c0000                        __base_RAM4 = 0x202c0000
                0x20300000                        __top_SRAM_OC2 = 0x20300000
                0x20300000                        __top_RAM4 = 0x20300000
                0x20300000                        __base_NCACHE_REGION = 0x20300000
                0x20300000                        __base_RAM5 = 0x20300000
                0x20340000                        __top_NCACHE_REGION = 0x20340000
                0x20340000                        __top_RAM5 = 0x20340000
                0x20340000                        __base_SRAM_OC_ECC1 = 0x20340000
                0x20340000                        __base_RAM6 = 0x20340000
                0x20350000                        __top_SRAM_OC_ECC1 = 0x20350000
                0x20350000                        __top_RAM6 = 0x20350000
                0x20350000                        __base_SRAM_OC_ECC2 = 0x20350000
                0x20350000                        __base_RAM7 = 0x20350000
                0x20360000                        __top_SRAM_OC_ECC2 = 0x20360000
                0x20360000                        __top_RAM7 = 0x20360000
                0x80000000                        __base_BOARD_SDRAM = 0x80000000
                0x80000000                        __base_RAM8 = 0x80000000
                0x84000000                        __top_BOARD_SDRAM = 0x84000000
                0x84000000                        __top_RAM8 = 0x84000000

.boot_hdr       0x30000000     0x2000
 FILL mask 0xff
                0x00000400                        . = 0x400
 *fill*         0x30000000      0x400 ff
                0x30000400                        __boot_hdr_start__ = ABSOLUTE (.)
 *(SORT_BY_ALIGNMENT(.boot_hdr.conf))
 .boot_hdr.conf
                0x30000400      0x200 ./xip/evkbmimxrt1170_flexspi_nor_config.o
                0x30000400                qspiflash_config
                0x00001000                        . = 0x1000
 *fill*         0x30000600      0xa00 ff
                0x30001000                        __boot_hdr_ivt_loadaddr__ = ABSOLUTE (.)
 *(SORT_BY_ALIGNMENT(.boot_hdr.ivt))
 .boot_hdr.ivt  0x30001000       0x20 ./xip/fsl_flexspi_nor_boot.o
                0x30001000                image_vector_table
                0x00001020                        . = 0x1020
                0x30001020                        __boot_hdr_boot_data_loadaddr__ = ABSOLUTE (.)
 *(SORT_BY_ALIGNMENT(.boot_hdr.boot_data))
 .boot_hdr.boot_data
                0x30001020       0x10 ./xip/fsl_flexspi_nor_boot.o
                0x30001020                g_boot_data
                0x00001030                        . = 0x1030
                0x30001030                        __boot_hdr_dcd_loadaddr__ = ABSOLUTE (.)
 *(SORT_BY_ALIGNMENT(.boot_hdr.dcd_data))
                0x30001030                        __boot_hdr_end__ = ABSOLUTE (.)
                0x00002000                        . = 0x2000
 *fill*         0x30001030      0xfd0 ff

.text           0x30002000     0xd154
 FILL mask 0xff
                0x30002000                        __vectors_start__ = ABSOLUTE (.)
 *(SORT_BY_ALIGNMENT(.isr_vector))
 .isr_vector    0x30002000      0x3a8 ./startup/startup_mimxrt1176_cm7.o
                0x30002000                g_pfnVectors
                0x30002000                __Vectors
                0x300023a8                        . = ALIGN (0x4)
                0x300023a8                        __section_table_start = .
                0x300023a8                        __data_section_table = .
                0x300023a8        0x4 LONG 0x3000f154 LOADADDR (.data)
                0x300023ac        0x4 LONG 0x20000000 ADDR (.data)
                0x300023b0        0x4 LONG 0x20c SIZEOF (.data)
                0x300023b4        0x4 LONG 0x3000f154 LOADADDR (.data_RAM2)
                0x300023b8        0x4 LONG 0x0 ADDR (.data_RAM2)
                0x300023bc        0x4 LONG 0x0 SIZEOF (.data_RAM2)
                0x300023c0        0x4 LONG 0x3000f154 LOADADDR (.data_RAM3)
                0x300023c4        0x4 LONG 0x20240000 ADDR (.data_RAM3)
                0x300023c8        0x4 LONG 0x0 SIZEOF (.data_RAM3)
                0x300023cc        0x4 LONG 0x3000f154 LOADADDR (.data_RAM4)
                0x300023d0        0x4 LONG 0x202c0000 ADDR (.data_RAM4)
                0x300023d4        0x4 LONG 0x0 SIZEOF (.data_RAM4)
                0x300023d8        0x4 LONG 0x3000f154 LOADADDR (.data_RAM5)
                0x300023dc        0x4 LONG 0x20300000 ADDR (.data_RAM5)
                0x300023e0        0x4 LONG 0x0 SIZEOF (.data_RAM5)
                0x300023e4        0x4 LONG 0x3000f154 LOADADDR (.data_RAM6)
                0x300023e8        0x4 LONG 0x20340000 ADDR (.data_RAM6)
                0x300023ec        0x4 LONG 0x0 SIZEOF (.data_RAM6)
                0x300023f0        0x4 LONG 0x3000f154 LOADADDR (.data_RAM7)
                0x300023f4        0x4 LONG 0x20350000 ADDR (.data_RAM7)
                0x300023f8        0x4 LONG 0x0 SIZEOF (.data_RAM7)
                0x300023fc        0x4 LONG 0x3000f154 LOADADDR (.data_RAM8)
                0x30002400        0x4 LONG 0x80000000 ADDR (.data_RAM8)
                0x30002404        0x4 LONG 0x0 SIZEOF (.data_RAM8)
                0x30002408                        __data_section_table_end = .
                0x30002408                        __bss_section_table = .
                0x30002408        0x4 LONG 0x2000020c ADDR (.bss)
                0x3000240c        0x4 LONG 0x1324 SIZEOF (.bss)
                0x30002410        0x4 LONG 0x0 ADDR (.bss_RAM2)
                0x30002414        0x4 LONG 0x0 SIZEOF (.bss_RAM2)
                0x30002418        0x4 LONG 0x20240000 ADDR (.bss_RAM3)
                0x3000241c        0x4 LONG 0x0 SIZEOF (.bss_RAM3)
                0x30002420        0x4 LONG 0x202c0000 ADDR (.bss_RAM4)
                0x30002424        0x4 LONG 0x0 SIZEOF (.bss_RAM4)
                0x30002428        0x4 LONG 0x20300000 ADDR (.bss_RAM5)
                0x3000242c        0x4 LONG 0x0 SIZEOF (.bss_RAM5)
                0x30002430        0x4 LONG 0x20340000 ADDR (.bss_RAM6)
                0x30002434        0x4 LONG 0x0 SIZEOF (.bss_RAM6)
                0x30002438        0x4 LONG 0x20350000 ADDR (.bss_RAM7)
                0x3000243c        0x4 LONG 0x0 SIZEOF (.bss_RAM7)
                0x30002440        0x4 LONG 0x80000000 ADDR (.bss_RAM8)
                0x30002444        0x4 LONG 0x0 SIZEOF (.bss_RAM8)
                0x30002448                        __bss_section_table_end = .
                0x30002448                        __section_table_end = .
 *(SORT_BY_ALIGNMENT(.after_vectors*))
 .after_vectors.init_data
                0x30002448       0x54 ./startup/startup_mimxrt1176_cm7.o
                0x30002448                data_init
 .after_vectors.init_bss
                0x3000249c       0x4c ./startup/startup_mimxrt1176_cm7.o
                0x3000249c                bss_init
 .after_vectors.reset
                0x300024e8       0x54 ./startup/startup_mimxrt1176_cm7.o
                0x300024e8                ResetISR
 .after_vectors
                0x3000253c       0x14 ./startup/startup_mimxrt1176_cm7.o
                0x3000253c                NMI_Handler
                0x30002540                MemManage_Handler
                0x30002542                BusFault_Handler
                0x30002544                UsageFault_Handler
                0x30002546                SVC_Handler
                0x30002548                DebugMon_Handler
                0x3000254a                PendSV_Handler
                0x3000254c                SysTick_Handler
                0x3000254e                ADC_ETC_IRQ3_DriverIRQHandler
                0x3000254e                Reserved168_DriverIRQHandler
                0x3000254e                Reserved178_DriverIRQHandler
                0x3000254e                SNVS_HP_NON_TZ_DriverIRQHandler
                0x3000254e                FLEXRAM_ECC_DriverIRQHandler
                0x3000254e                Reserved185_DriverIRQHandler
                0x3000254e                FLEXRAM_DriverIRQHandler
                0x3000254e                KEY_MANAGER_DriverIRQHandler
                0x3000254e                LPSPI4_DriverIRQHandler
                0x3000254e                SEMC_DriverIRQHandler
                0x3000254e                SPDIF_DriverIRQHandler
                0x3000254e                PWM4_FAULT_DriverIRQHandler
                0x3000254e                PWM4_3_DriverIRQHandler
                0x3000254e                TMPSNS_LOW_HIGH_DriverIRQHandler
                0x3000254e                LPSPI2_DriverIRQHandler
                0x3000254e                FLEXSPI2_DriverIRQHandler
                0x3000254e                RDC_DriverIRQHandler
                0x3000254e                GPIO3_Combined_0_15_DriverIRQHandler
                0x3000254e                Reserved167_DriverIRQHandler
                0x3000254e                CAN3_DriverIRQHandler
                0x3000254e                PIT2_DriverIRQHandler
                0x3000254e                CAAM_RTIC_DriverIRQHandler
                0x3000254e                OCOTP_READ_FUSE_ERROR_DriverIRQHandler
                0x3000254e                GPIO6_Combined_16_31_DriverIRQHandler
                0x3000254e                SAI4_TX_DriverIRQHandler
                0x3000254e                Reserved110_DriverIRQHandler
                0x3000254e                Reserved210_DriverIRQHandler
                0x3000254e                GPR_IRQ_DriverIRQHandler
                0x3000254e                Reserved208_DriverIRQHandler
                0x3000254e                PWM2_FAULT_DriverIRQHandler
                0x3000254e                PWM3_1_DriverIRQHandler
                0x3000254e                SEMA4_CP1_DriverIRQHandler
                0x3000254e                DAC_DriverIRQHandler
                0x3000254e                ENET_1G_MAC0_Tx_Rx_1_DriverIRQHandler
                0x3000254e                XECC_FLEXSPI2_INT_DriverIRQHandler
                0x3000254e                LPSR_LP8_BROWNOUT_DriverIRQHandler
                0x3000254e                Reserved166_DriverIRQHandler
                0x3000254e                TMR1_DriverIRQHandler
                0x3000254e                PWM3_2_DriverIRQHandler
                0x3000254e                ENET_1588_Timer_DriverIRQHandler
                0x3000254e                ENET_QOS_PMT_DriverIRQHandler
                0x3000254e                FLEXIO2_DriverIRQHandler
                0x3000254e                GPIO2_Combined_16_31_DriverIRQHandler
                0x3000254e                KPP_DriverIRQHandler
                0x3000254e                CTI_TRIGGER_OUT0_DriverIRQHandler
                0x3000254e                PWM4_1_DriverIRQHandler
                0x3000254e                Reserved213_DriverIRQHandler
                0x3000254e                CAAM_IRQ0_DriverIRQHandler
                0x3000254e                RTWDOG3_DriverIRQHandler
                0x3000254e                PWM3_3_DriverIRQHandler
                0x3000254e                IntDefaultHandler
                0x3000254e                XECC_FLEXSPI1_FATAL_INT_DriverIRQHandler
                0x3000254e                XECC_SEMC_INT_DriverIRQHandler
                0x3000254e                USDHC1_DriverIRQHandler
                0x3000254e                ENC3_DriverIRQHandler
                0x3000254e                DCIC1_DriverIRQHandler
                0x3000254e                Reserved186_DriverIRQHandler
                0x3000254e                TMPSNS_PANIC_DriverIRQHandler
                0x3000254e                EWM_DriverIRQHandler
                0x3000254e                WDOG1_DriverIRQHandler
                0x3000254e                FLEXIO1_DriverIRQHandler
                0x3000254e                ENET_DriverIRQHandler
                0x3000254e                TMR4_DriverIRQHandler
                0x3000254e                ENC2_DriverIRQHandler
                0x3000254e                ENET_1G_MAC0_Tx_Rx_2_DriverIRQHandler
                0x3000254e                ADC_ETC_IRQ2_DriverIRQHandler
                0x3000254e                GPIO1_Combined_16_31_DriverIRQHandler
                0x3000254e                MECC1_FATAL_INT_DriverIRQHandler
                0x3000254e                PWM4_0_DriverIRQHandler
                0x3000254e                MIPI_DSI_DriverIRQHandler
                0x3000254e                ADC_ETC_ERROR_IRQ_DriverIRQHandler
                0x3000254e                ACMP2_DriverIRQHandler
                0x3000254e                GPIO5_Combined_0_15_DriverIRQHandler
                0x3000254e                GPU2D_DriverIRQHandler
                0x3000254e                GPT2_DriverIRQHandler
                0x3000254e                MUA_DriverIRQHandler
                0x3000254e                CAN3_ERROR_DriverIRQHandler
                0x3000254e                PWM2_1_DriverIRQHandler
                0x3000254e                PWM1_1_DriverIRQHandler
                0x3000254e                PXP_DriverIRQHandler
                0x3000254e                ADC1_DriverIRQHandler
                0x3000254e                PDM_ERROR_DriverIRQHandler
                0x3000254e                MIPI_CSI_DriverIRQHandler
                0x3000254e                CAAM_IRQ3_DriverIRQHandler
                0x3000254e                PWM1_0_DriverIRQHandler
                0x3000254e                CAAM_IRQ1_DriverIRQHandler
                0x3000254e                GPT6_DriverIRQHandler
                0x3000254e                PIT1_DriverIRQHandler
                0x3000254e                ENC1_DriverIRQHandler
                0x3000254e                ENC4_DriverIRQHandler
                0x3000254e                CAN2_DriverIRQHandler
                0x3000254e                Reserved169_DriverIRQHandler
                0x3000254e                LPSR_LP0_BROWNOUT_DriverIRQHandler
                0x3000254e                CAN2_ERROR_DriverIRQHandler
                0x3000254e                GPT5_DriverIRQHandler
                0x3000254e                GPT1_DriverIRQHandler
                0x3000254e                SNVS_HP_TZ_DriverIRQHandler
                0x3000254e                CAAM_RECORVE_ERRPR_DriverIRQHandler
                0x3000254e                CAAM_IRQ2_DriverIRQHandler
                0x3000254e                ACMP3_DriverIRQHandler
                0x3000254e                GPIO6_Combined_0_15_DriverIRQHandler
                0x3000254e                SAI4_RX_DriverIRQHandler
                0x3000254e                TMR3_DriverIRQHandler
                0x3000254e                TMR2_DriverIRQHandler
                0x3000254e                DCIC2_DriverIRQHandler
                0x3000254e                FLEXSPI1_DriverIRQHandler
                0x3000254e                GPIO1_Combined_0_15_DriverIRQHandler
                0x3000254e                USDHC2_DriverIRQHandler
                0x3000254e                PWM4_2_DriverIRQHandler
                0x3000254e                Reserved214_DriverIRQHandler
                0x3000254e                CORE_DriverIRQHandler
                0x3000254e                LPSPI6_DriverIRQHandler
                0x3000254e                USBPHY2_DriverIRQHandler
                0x3000254e                OCOTP_READ_DONE_ERROR_DriverIRQHandler
                0x3000254e                CDOG_DriverIRQHandler
                0x3000254e                USBPHY1_DriverIRQHandler
                0x3000254e                PDM_EVENT_DriverIRQHandler
                0x3000254e                LCDIFv2_DriverIRQHandler
                0x3000254e                PWM3_FAULT_DriverIRQHandler
                0x3000254e                Reserved211_DriverIRQHandler
                0x3000254e                CSI_DriverIRQHandler
                0x3000254e                PWM2_3_DriverIRQHandler
                0x3000254e                XBAR1_IRQ_2_3_DriverIRQHandler
                0x3000254e                GPIO3_Combined_16_31_DriverIRQHandler
                0x3000254e                PWM1_FAULT_DriverIRQHandler
                0x3000254e                EMVSIM2_DriverIRQHandler
                0x3000254e                MECC2_FATAL_INT_DriverIRQHandler
                0x3000254e                PWM2_2_DriverIRQHandler
                0x3000254e                GPT4_DriverIRQHandler
                0x3000254e                XBAR1_IRQ_0_1_DriverIRQHandler
                0x3000254e                ADC_ETC_IRQ1_DriverIRQHandler
                0x3000254e                LPSPI1_DriverIRQHandler
                0x3000254e                Reserved215_DriverIRQHandler
                0x3000254e                XECC_FLEXSPI1_INT_DriverIRQHandler
                0x3000254e                ENET_QOS_DriverIRQHandler
                0x3000254e                LPSPI5_DriverIRQHandler
                0x3000254e                SEMA4_CP0_DriverIRQHandler
                0x3000254e                Reserved170_DriverIRQHandler
                0x3000254e                Reserved177_DriverIRQHandler
                0x3000254e                GPC_DriverIRQHandler
                0x3000254e                GPIO2_Combined_0_15_DriverIRQHandler
                0x3000254e                GPT3_DriverIRQHandler
                0x3000254e                TMPSNS_INT_DriverIRQHandler
                0x3000254e                PWM1_2_DriverIRQHandler
                0x3000254e                USB_OTG1_DriverIRQHandler
                0x3000254e                XECC_SEMC_FATAL_INT_DriverIRQHandler
                0x3000254e                WDOG2_DriverIRQHandler
                0x3000254e                Reserved68_DriverIRQHandler
                0x3000254e                MECC2_INT_DriverIRQHandler
                0x3000254e                ENET_1G_1588_Timer_DriverIRQHandler
                0x3000254e                Reserved180_DriverIRQHandler
                0x3000254e                PWM3_0_DriverIRQHandler
                0x3000254e                CAN1_ERROR_DriverIRQHandler
                0x3000254e                GPIO4_Combined_0_15_DriverIRQHandler
                0x3000254e                GPIO4_Combined_16_31_DriverIRQHandler
                0x3000254e                GPIO5_Combined_16_31_DriverIRQHandler
                0x3000254e                EMVSIM1_DriverIRQHandler
                0x3000254e                ASRC_DriverIRQHandler
                0x3000254e                Reserved179_DriverIRQHandler
                0x3000254e                ADC2_DriverIRQHandler
                0x3000254e                ACMP4_DriverIRQHandler
                0x3000254e                PDM_HWVAD_ERROR_DriverIRQHandler
                0x3000254e                LPSPI3_DriverIRQHandler
                0x3000254e                PWM1_3_DriverIRQHandler
                0x3000254e                PDM_HWVAD_EVENT_DriverIRQHandler
                0x3000254e                ACMP1_DriverIRQHandler
                0x3000254e                XECC_FLEXSPI2_FATAL_INT_DriverIRQHandler
                0x3000254e                DMA_ERROR_DriverIRQHandler
                0x3000254e                ADC_ETC_IRQ0_DriverIRQHandler
                0x3000254e                Reserved212_DriverIRQHandler
                0x3000254e                CAN1_DriverIRQHandler
                0x3000254e                eLCDIF_DriverIRQHandler
                0x3000254e                MECC1_INT_DriverIRQHandler
                0x3000254e                CTI_TRIGGER_OUT1_DriverIRQHandler
                0x3000254e                PWM2_0_DriverIRQHandler
                0x3000254e                ENET_1G_DriverIRQHandler
                0x3000254e                Reserved209_DriverIRQHandler
                0x3000254e                SNVS_PULSE_EVENT_DriverIRQHandler
                0x3000254e                CM7_GPIO2_3_DriverIRQHandler
                0x3000254e                GPIO13_Combined_0_31_DriverIRQHandler
                0x3000254e                USB_OTG2_DriverIRQHandler
 *(SORT_BY_ALIGNMENT(.text*))
 .text.CLOCK_GetAvPllFreq
                0x30002550       0xf4 ./drivers/fsl_clock.o
 .text.__assertion_failed
                0x30002644       0x2c ./utilities/fsl_assert.o
                0x30002644                __assertion_failed
 .text.DbgConsole_Init
                0x30002670       0x88 ./utilities/fsl_debug_console.o
                0x30002670                DbgConsole_Init
 .text.DbgConsole_Vprintf
                0x300026f8       0x3c ./utilities/fsl_debug_console.o
                0x300026f8                DbgConsole_Vprintf
 .text.DbgConsole_Putchar
                0x30002734       0x30 ./utilities/fsl_debug_console.o
                0x30002734                DbgConsole_Putchar
 .text.DbgConsole_PrintfFormattedData
                0x30002764      0x3e0 ./utilities/fsl_debug_console.o
 .text          0x30002b44       0xa0 ./utilities/fsl_memcpy.o
                0x30002b44                memcpy
 .text.__NVIC_EnableIRQ
                0x30002be4       0x3c ./source/sai_edma_tdm_record_playback.o
 .text.CLOCK_SetRootClockMux
                0x30002c20       0x5c ./source/sai_edma_tdm_record_playback.o
 .text.CLOCK_SetRootClockDiv
                0x30002c7c       0x54 ./source/sai_edma_tdm_record_playback.o
 .text.DMAMUX_EnableChannel
                0x30002cd0       0x38 ./source/sai_edma_tdm_record_playback.o
 .text.DMAMUX_SetSource
                0x30002d08       0x40 ./source/sai_edma_tdm_record_playback.o
 .text.BOARD_EnableSaiMclkOutput
                0x30002d48       0x3c ./source/sai_edma_tdm_record_playback.o
                0x30002d48                BOARD_EnableSaiMclkOutput
 .text.BORAD_CodecReset
                0x30002d84       0x34 ./source/sai_edma_tdm_record_playback.o
                0x30002d84                BORAD_CodecReset
 .text.rx_callback
                0x30002db8       0x34 ./source/sai_edma_tdm_record_playback.o
 .text.tx_callback
                0x30002dec       0x34 ./source/sai_edma_tdm_record_playback.o
 .text.main     0x30002e20      0x204 ./source/sai_edma_tdm_record_playback.o
                0x30002e20                main
 .text.DEMO_InitCodec
                0x30003024       0x3c ./source/sai_edma_tdm_record_playback.o
 .text.ANATOP_AI_Access
                0x30003060      0x630 ./drivers/fsl_anatop_ai.o
                0x30003060                ANATOP_AI_Access
 .text.CLOCK_GetRootClockMux
                0x30003690       0x2c ./drivers/fsl_clock.o
 .text.CLOCK_GetRootClockDiv
                0x300036bc       0x28 ./drivers/fsl_clock.o
 .text.CLOCK_GetRootClockFreq
                0x300036e4       0x58 ./drivers/fsl_clock.o
 .text.CLOCK_InitArmPll
                0x3000373c      0x15c ./drivers/fsl_clock.o
                0x3000373c                CLOCK_InitArmPll
 .text.CLOCK_InitSysPll2
                0x30003898      0x1dc ./drivers/fsl_clock.o
                0x30003898                CLOCK_InitSysPll2
 .text.CLOCK_InitPfd
                0x30003a74      0x168 ./drivers/fsl_clock.o
                0x30003a74                CLOCK_InitPfd
 .text.CLOCK_GetPfdFreq
                0x30003bdc       0xd8 ./drivers/fsl_clock.o
                0x30003bdc                CLOCK_GetPfdFreq
 .text.CLOCK_InitSysPll3
                0x30003cb4       0xf0 ./drivers/fsl_clock.o
                0x30003cb4                CLOCK_InitSysPll3
 .text.CLOCK_SetPllBypass
                0x30003da4       0xe0 ./drivers/fsl_clock.o
                0x30003da4                CLOCK_SetPllBypass
 .text.ANATOP_PllToggleHoldRingOff
                0x30003e84       0x34 ./drivers/fsl_clock.o
 .text.ANATOP_PllConfigure
                0x30003eb8       0xb4 ./drivers/fsl_clock.o
 .text.ANATOP_AudioPllGate
                0x30003f6c       0x48 ./drivers/fsl_clock.o
 .text.ANATOP_AudioPllSwEnClk
                0x30003fb4       0x48 ./drivers/fsl_clock.o
 .text.CLOCK_InitAudioPll
                0x30003ffc       0xd4 ./drivers/fsl_clock.o
                0x30003ffc                CLOCK_InitAudioPll
 .text.ANATOP_VideoPllGate
                0x300040d0       0x48 ./drivers/fsl_clock.o
 .text.ANATOP_VideoPllSwEnClk
                0x30004118       0x48 ./drivers/fsl_clock.o
 .text.CLOCK_InitVideoPll
                0x30004160       0xd4 ./drivers/fsl_clock.o
                0x30004160                CLOCK_InitVideoPll
 .text.ANATOP_SysPll1Gate
                0x30004234       0x48 ./drivers/fsl_clock.o
 .text.ANATOP_SysPll1Div2En
                0x3000427c       0x48 ./drivers/fsl_clock.o
 .text.ANATOP_SysPll1Div5En
                0x300042c4       0x48 ./drivers/fsl_clock.o
 .text.ANATOP_SysPll1SwEnClk
                0x3000430c       0x48 ./drivers/fsl_clock.o
 .text.CLOCK_GetPllFreq
                0x30004354       0xdc ./drivers/fsl_clock.o
                0x30004354                CLOCK_GetPllFreq
 .text.CLOCK_GetFreq
                0x30004430      0x1c4 ./drivers/fsl_clock.o
                0x30004430                CLOCK_GetFreq
 .text.CLOCK_OSC_EnableOscRc400M
                0x300045f4       0x2c ./drivers/fsl_clock.o
                0x300045f4                CLOCK_OSC_EnableOscRc400M
 .text.SDK_DelayAtLeastUs
                0x30004620       0x94 ./drivers/fsl_common_arm.o
                0x30004620                SDK_DelayAtLeastUs
 .text.DCDC_BootIntoDCM
                0x300046b4       0x64 ./drivers/fsl_dcdc.o
                0x300046b4                DCDC_BootIntoDCM
 .text.CLOCK_ControlGate
                0x30004718       0x7c ./drivers/fsl_dmamux.o
 .text.DMAMUX_GetInstance
                0x30004794       0x44 ./drivers/fsl_dmamux.o
 .text.DMAMUX_Init
                0x300047d8       0x28 ./drivers/fsl_dmamux.o
                0x300047d8                DMAMUX_Init
 .text.__NVIC_EnableIRQ
                0x30004800       0x3c ./drivers/fsl_edma.o
 .text.CLOCK_ControlGate
                0x3000483c       0x7c ./drivers/fsl_edma.o
 .text.EDMA_GetInstance
                0x300048b8       0x44 ./drivers/fsl_edma.o
 .text.EDMA_InstallTCD
                0x300048fc      0x14c ./drivers/fsl_edma.o
                0x300048fc                EDMA_InstallTCD
 .text.EDMA_Init
                0x30004a48       0x9c ./drivers/fsl_edma.o
                0x30004a48                EDMA_Init
 .text.EDMA_GetDefaultConfig
                0x30004ae4       0x44 ./drivers/fsl_edma.o
                0x30004ae4                EDMA_GetDefaultConfig
 .text.EDMA_SetTransferConfig
                0x30004b28       0x60 ./drivers/fsl_edma.o
                0x30004b28                EDMA_SetTransferConfig
 .text.EDMA_TcdReset
                0x30004b88       0x78 ./drivers/fsl_edma.o
                0x30004b88                EDMA_TcdReset
 .text.EDMA_TcdSetTransferConfig
                0x30004c00      0x128 ./drivers/fsl_edma.o
                0x30004c00                EDMA_TcdSetTransferConfig
 .text.EDMA_TcdSetMinorOffsetConfig
                0x30004d28       0x70 ./drivers/fsl_edma.o
                0x30004d28                EDMA_TcdSetMinorOffsetConfig
 .text.EDMA_TcdEnableInterrupts
                0x30004d98       0x58 ./drivers/fsl_edma.o
                0x30004d98                EDMA_TcdEnableInterrupts
 .text.EDMA_GetChannelStatusFlags
                0x30004df0       0x74 ./drivers/fsl_edma.o
                0x30004df0                EDMA_GetChannelStatusFlags
 .text.EDMA_GetInstanceOffset
                0x30004e64       0x48 ./drivers/fsl_edma.o
 .text.EDMA_CreateHandle
                0x30004eac       0xdc ./drivers/fsl_edma.o
                0x30004eac                EDMA_CreateHandle
 .text.EDMA_InstallTCDMemory
                0x30004f88       0x58 ./drivers/fsl_edma.o
                0x30004f88                EDMA_InstallTCDMemory
 .text.EDMA_SetCallback
                0x30004fe0       0x30 ./drivers/fsl_edma.o
                0x30004fe0                EDMA_SetCallback
 .text.EDMA_TransferWidthMapping
                0x30005010       0xd0 ./drivers/fsl_edma.o
 .text.EDMA_PrepareTransferConfig
                0x300050e0      0x134 ./drivers/fsl_edma.o
                0x300050e0                EDMA_PrepareTransferConfig
 .text.EDMA_SubmitTransfer
                0x30005214      0x304 ./drivers/fsl_edma.o
                0x30005214                EDMA_SubmitTransfer
 .text.EDMA_StartTransfer
                0x30005518       0xb4 ./drivers/fsl_edma.o
                0x30005518                EDMA_StartTransfer
 .text.EDMA_HandleIRQ
                0x300055cc      0x1c0 ./drivers/fsl_edma.o
                0x300055cc                EDMA_HandleIRQ
 .text.DMA0_DMA16_DriverIRQHandler
                0x3000578c       0x50 ./drivers/fsl_edma.o
                0x3000578c                DMA0_DMA16_DriverIRQHandler
 .text.DMA1_DMA17_DriverIRQHandler
                0x300057dc       0x50 ./drivers/fsl_edma.o
                0x300057dc                DMA1_DMA17_DriverIRQHandler
 .text.DMA2_DMA18_DriverIRQHandler
                0x3000582c       0x50 ./drivers/fsl_edma.o
                0x3000582c                DMA2_DMA18_DriverIRQHandler
 .text.DMA3_DMA19_DriverIRQHandler
                0x3000587c       0x50 ./drivers/fsl_edma.o
                0x3000587c                DMA3_DMA19_DriverIRQHandler
 .text.DMA4_DMA20_DriverIRQHandler
                0x300058cc       0x50 ./drivers/fsl_edma.o
                0x300058cc                DMA4_DMA20_DriverIRQHandler
 .text.DMA5_DMA21_DriverIRQHandler
                0x3000591c       0x50 ./drivers/fsl_edma.o
                0x3000591c                DMA5_DMA21_DriverIRQHandler
 .text.DMA6_DMA22_DriverIRQHandler
                0x3000596c       0x50 ./drivers/fsl_edma.o
                0x3000596c                DMA6_DMA22_DriverIRQHandler
 .text.DMA7_DMA23_DriverIRQHandler
                0x300059bc       0x50 ./drivers/fsl_edma.o
                0x300059bc                DMA7_DMA23_DriverIRQHandler
 .text.DMA8_DMA24_DriverIRQHandler
                0x30005a0c       0x50 ./drivers/fsl_edma.o
                0x30005a0c                DMA8_DMA24_DriverIRQHandler
 .text.DMA9_DMA25_DriverIRQHandler
                0x30005a5c       0x50 ./drivers/fsl_edma.o
                0x30005a5c                DMA9_DMA25_DriverIRQHandler
 .text.DMA10_DMA26_DriverIRQHandler
                0x30005aac       0x50 ./drivers/fsl_edma.o
                0x30005aac                DMA10_DMA26_DriverIRQHandler
 .text.DMA11_DMA27_DriverIRQHandler
                0x30005afc       0x50 ./drivers/fsl_edma.o
                0x30005afc                DMA11_DMA27_DriverIRQHandler
 .text.DMA12_DMA28_DriverIRQHandler
                0x30005b4c       0x50 ./drivers/fsl_edma.o
                0x30005b4c                DMA12_DMA28_DriverIRQHandler
 .text.DMA13_DMA29_DriverIRQHandler
                0x30005b9c       0x50 ./drivers/fsl_edma.o
                0x30005b9c                DMA13_DMA29_DriverIRQHandler
 .text.DMA14_DMA30_DriverIRQHandler
                0x30005bec       0x50 ./drivers/fsl_edma.o
                0x30005bec                DMA14_DMA30_DriverIRQHandler
 .text.DMA15_DMA31_DriverIRQHandler
                0x30005c3c       0x50 ./drivers/fsl_edma.o
                0x30005c3c                DMA15_DMA31_DriverIRQHandler
 .text.GPIO_PinWrite
                0x30005c8c       0x48 ./drivers/fsl_gpio.o
                0x30005c8c                GPIO_PinWrite
 .text.CLOCK_ControlGate
                0x30005cd4       0x7c ./drivers/fsl_lpi2c.o
 .text.LPI2C_GetInstance
                0x30005d50       0x4c ./drivers/fsl_lpi2c.o
                0x30005d50                LPI2C_GetInstance
 .text.LPI2C_GetCyclesForWidth
                0x30005d9c       0x9c ./drivers/fsl_lpi2c.o
 .text.LPI2C_MasterGetDefaultConfig
                0x30005e38       0x6c ./drivers/fsl_lpi2c.o
                0x30005e38                LPI2C_MasterGetDefaultConfig
 .text.LPI2C_MasterInit
                0x30005ea4      0x1dc ./drivers/fsl_lpi2c.o
                0x30005ea4                LPI2C_MasterInit
 .text.LPI2C_MasterSetBaudRate
                0x30006080      0x2c4 ./drivers/fsl_lpi2c.o
                0x30006080                LPI2C_MasterSetBaudRate
 .text.LPI2C_MasterReceive
                0x30006344       0xd8 ./drivers/fsl_lpi2c.o
                0x30006344                LPI2C_MasterReceive
 .text.LPI2C_MasterSend
                0x3000641c       0x58 ./drivers/fsl_lpi2c.o
                0x3000641c                LPI2C_MasterSend
 .text.LPI2C_MasterTransferBlocking
                0x30006474      0x208 ./drivers/fsl_lpi2c.o
                0x30006474                LPI2C_MasterTransferBlocking
 .text.LPI2C_CommonIRQHandler
                0x3000667c       0x78 ./drivers/fsl_lpi2c.o
 .text.LPI2C1_DriverIRQHandler
                0x300066f4       0x14 ./drivers/fsl_lpi2c.o
                0x300066f4                LPI2C1_DriverIRQHandler
 .text.LPI2C2_DriverIRQHandler
                0x30006708       0x14 ./drivers/fsl_lpi2c.o
                0x30006708                LPI2C2_DriverIRQHandler
 .text.LPI2C3_DriverIRQHandler
                0x3000671c       0x14 ./drivers/fsl_lpi2c.o
                0x3000671c                LPI2C3_DriverIRQHandler
 .text.LPI2C4_DriverIRQHandler
                0x30006730       0x14 ./drivers/fsl_lpi2c.o
                0x30006730                LPI2C4_DriverIRQHandler
 .text.LPI2C5_DriverIRQHandler
                0x30006744       0x14 ./drivers/fsl_lpi2c.o
                0x30006744                LPI2C5_DriverIRQHandler
 .text.LPI2C6_DriverIRQHandler
                0x30006758       0x14 ./drivers/fsl_lpi2c.o
                0x30006758                LPI2C6_DriverIRQHandler
 .text.CLOCK_ControlGate
                0x3000676c       0x7c ./drivers/fsl_lpuart.o
 .text.LPUART_GetInstance
                0x300067e8       0x4c ./drivers/fsl_lpuart.o
                0x300067e8                LPUART_GetInstance
 .text.LPUART_Init
                0x30006834      0x320 ./drivers/fsl_lpuart.o
                0x30006834                LPUART_Init
 .text.LPUART_GetDefaultConfig
                0x30006b54       0x88 ./drivers/fsl_lpuart.o
                0x30006b54                LPUART_GetDefaultConfig
 .text.LPUART_GetStatusFlags
                0x30006bdc       0x38 ./drivers/fsl_lpuart.o
                0x30006bdc                LPUART_GetStatusFlags
 .text.LPUART_ClearStatusFlags
                0x30006c14       0x7c ./drivers/fsl_lpuart.o
                0x30006c14                LPUART_ClearStatusFlags
 .text.LPUART_WriteBlocking
                0x30006c90       0x68 ./drivers/fsl_lpuart.o
                0x30006c90                LPUART_WriteBlocking
 .text.LPUART_ReadBlocking
                0x30006cf8      0x160 ./drivers/fsl_lpuart.o
                0x30006cf8                LPUART_ReadBlocking
 .text.LPUART1_DriverIRQHandler
                0x30006e58       0x28 ./drivers/fsl_lpuart.o
                0x30006e58                LPUART1_DriverIRQHandler
 .text.LPUART2_DriverIRQHandler
                0x30006e80       0x28 ./drivers/fsl_lpuart.o
                0x30006e80                LPUART2_DriverIRQHandler
 .text.LPUART3_DriverIRQHandler
                0x30006ea8       0x28 ./drivers/fsl_lpuart.o
                0x30006ea8                LPUART3_DriverIRQHandler
 .text.LPUART4_DriverIRQHandler
                0x30006ed0       0x28 ./drivers/fsl_lpuart.o
                0x30006ed0                LPUART4_DriverIRQHandler
 .text.LPUART5_DriverIRQHandler
                0x30006ef8       0x28 ./drivers/fsl_lpuart.o
                0x30006ef8                LPUART5_DriverIRQHandler
 .text.LPUART6_DriverIRQHandler
                0x30006f20       0x28 ./drivers/fsl_lpuart.o
                0x30006f20                LPUART6_DriverIRQHandler
 .text.LPUART7_DriverIRQHandler
                0x30006f48       0x28 ./drivers/fsl_lpuart.o
                0x30006f48                LPUART7_DriverIRQHandler
 .text.LPUART8_DriverIRQHandler
                0x30006f70       0x28 ./drivers/fsl_lpuart.o
                0x30006f70                LPUART8_DriverIRQHandler
 .text.LPUART9_DriverIRQHandler
                0x30006f98       0x28 ./drivers/fsl_lpuart.o
                0x30006f98                LPUART9_DriverIRQHandler
 .text.LPUART10_DriverIRQHandler
                0x30006fc0       0x28 ./drivers/fsl_lpuart.o
                0x30006fc0                LPUART10_DriverIRQHandler
 .text.LPUART11_DriverIRQHandler
                0x30006fe8       0x28 ./drivers/fsl_lpuart.o
                0x30006fe8                LPUART11_DriverIRQHandler
 .text.LPUART12_DriverIRQHandler
                0x30007010       0x28 ./drivers/fsl_lpuart.o
                0x30007010                LPUART12_DriverIRQHandler
 .text.PMU_StaticEnablePllLdo
                0x30007038       0x5c ./drivers/fsl_pmu.o
                0x30007038                PMU_StaticEnablePllLdo
 .text.PMU_StaticEnableLpsrAnaLdoBypassMode
                0x30007094       0xc8 ./drivers/fsl_pmu.o
                0x30007094                PMU_StaticEnableLpsrAnaLdoBypassMode
 .text.PMU_StaticEnableLpsrDigLdoBypassMode
                0x3000715c       0xa8 ./drivers/fsl_pmu.o
                0x3000715c                PMU_StaticEnableLpsrDigLdoBypassMode
 .text.PMU_EnableBodyBias
                0x30007204      0x154 ./drivers/fsl_pmu.o
                0x30007204                PMU_EnableBodyBias
 .text.CLOCK_ControlGate
                0x30007358       0x7c ./drivers/fsl_sai.o
 .text.SAI_GetInstance
                0x300073d4       0x4c ./drivers/fsl_sai.o
 .text.SAI_GetCommonConfig
                0x30007420       0xc0 ./drivers/fsl_sai.o
 .text.SAI_Init
                0x300074e0       0x48 ./drivers/fsl_sai.o
                0x300074e0                SAI_Init
 .text.SAI_TxEnable
                0x30007528       0x78 ./drivers/fsl_sai.o
                0x30007528                SAI_TxEnable
 .text.SAI_RxEnable
                0x300075a0       0x7c ./drivers/fsl_sai.o
                0x300075a0                SAI_RxEnable
 .text.SAI_TxSetBitClockRate
                0x3000761c       0x98 ./drivers/fsl_sai.o
                0x3000761c                SAI_TxSetBitClockRate
 .text.SAI_RxSetBitClockRate
                0x300076b4       0x9c ./drivers/fsl_sai.o
                0x300076b4                SAI_RxSetBitClockRate
 .text.SAI_TxSetBitclockConfig
                0x30007750       0x98 ./drivers/fsl_sai.o
                0x30007750                SAI_TxSetBitclockConfig
 .text.SAI_RxSetBitclockConfig
                0x300077e8       0x9c ./drivers/fsl_sai.o
                0x300077e8                SAI_RxSetBitclockConfig
 .text.SAI_TxSetFifoConfig
                0x30007884       0xac ./drivers/fsl_sai.o
                0x30007884                SAI_TxSetFifoConfig
 .text.SAI_RxSetFifoConfig
                0x30007930       0xac ./drivers/fsl_sai.o
                0x30007930                SAI_RxSetFifoConfig
 .text.SAI_TxSetFrameSyncConfig
                0x300079dc       0xa8 ./drivers/fsl_sai.o
                0x300079dc                SAI_TxSetFrameSyncConfig
 .text.SAI_RxSetFrameSyncConfig
                0x30007a84       0xac ./drivers/fsl_sai.o
                0x30007a84                SAI_RxSetFrameSyncConfig
 .text.SAI_TxSetSerialDataConfig
                0x30007b30       0xb4 ./drivers/fsl_sai.o
                0x30007b30                SAI_TxSetSerialDataConfig
 .text.SAI_RxSetSerialDataConfig
                0x30007be4       0x94 ./drivers/fsl_sai.o
                0x30007be4                SAI_RxSetSerialDataConfig
 .text.SAI_TxSetConfig
                0x30007c78      0x214 ./drivers/fsl_sai.o
                0x30007c78                SAI_TxSetConfig
 .text.SAI_RxSetConfig
                0x30007e8c      0x224 ./drivers/fsl_sai.o
                0x30007e8c                SAI_RxSetConfig
 .text.SAI_GetTDMConfig
                0x300080b0       0x8c ./drivers/fsl_sai.o
                0x300080b0                SAI_GetTDMConfig
 .text.SAI1_DriverIRQHandler
                0x3000813c       0x74 ./drivers/fsl_sai.o
                0x3000813c                SAI1_DriverIRQHandler
 .text.SAI2_DriverIRQHandler
                0x300081b0       0x74 ./drivers/fsl_sai.o
                0x300081b0                SAI2_DriverIRQHandler
 .text.SAI3_TX_DriverIRQHandler
                0x30008224       0x3c ./drivers/fsl_sai.o
                0x30008224                SAI3_TX_DriverIRQHandler
 .text.SAI3_RX_DriverIRQHandler
                0x30008260       0x3c ./drivers/fsl_sai.o
                0x30008260                SAI3_RX_DriverIRQHandler
 .text.EDMA_TcdEnableAutoStopRequest
                0x3000829c       0x58 ./drivers/fsl_sai_edma.o
 .text.SAI_GetInstance
                0x300082f4       0x4c ./drivers/fsl_sai_edma.o
 .text.SAI_TransferTxCreateHandleEDMA
                0x30008340       0xa8 ./drivers/fsl_sai_edma.o
                0x30008340                SAI_TransferTxCreateHandleEDMA
 .text.SAI_TransferRxCreateHandleEDMA
                0x300083e8       0xac ./drivers/fsl_sai_edma.o
                0x300083e8                SAI_TransferRxCreateHandleEDMA
 .text.SAI_TransferTxSetConfigEDMA
                0x30008494       0xac ./drivers/fsl_sai_edma.o
                0x30008494                SAI_TransferTxSetConfigEDMA
 .text.SAI_TransferRxSetConfigEDMA
                0x30008540       0xa8 ./drivers/fsl_sai_edma.o
                0x30008540                SAI_TransferRxSetConfigEDMA
 .text.SAI_TransferSendEDMA
                0x300085e8      0x244 ./drivers/fsl_sai_edma.o
                0x300085e8                SAI_TransferSendEDMA
 .text.SAI_TransferReceiveEDMA
                0x3000882c      0x248 ./drivers/fsl_sai_edma.o
                0x3000882c                SAI_TransferReceiveEDMA
 .text.SystemInit
                0x30008a74      0x18c ./device/system_MIMXRT1176_cm7.o
                0x30008a74                SystemInit
 .text.HAL_UartInitCommon
                0x30008c00       0xe0 ./component/uart/fsl_adapter_lpuart.o
 .text.HAL_UartInit
                0x30008ce0       0x84 ./component/uart/fsl_adapter_lpuart.o
                0x30008ce0                HAL_UartInit
 .text.HAL_UartReceiveBlocking
                0x30008d64       0x6c ./component/uart/fsl_adapter_lpuart.o
                0x30008d64                HAL_UartReceiveBlocking
 .text.HAL_UartSendBlocking
                0x30008dd0       0x64 ./component/uart/fsl_adapter_lpuart.o
                0x30008dd0                HAL_UartSendBlocking
 .text.HAL_I2cGetStatus
                0x30008e34       0xa4 ./component/i2c/fsl_adapter_lpi2c.o
 .text.HAL_I2cMasterInit
                0x30008ed8       0x78 ./component/i2c/fsl_adapter_lpi2c.o
                0x30008ed8                HAL_I2cMasterInit
 .text.HAL_I2cMasterTransferBlocking
                0x30008f50       0x94 ./component/i2c/fsl_adapter_lpi2c.o
                0x30008f50                HAL_I2cMasterTransferBlocking
 .text.HAL_CODEC_CS42448_Init
                0x30008fe4       0x5c ./codec/port/cs42448/fsl_codec_cs42448_adapter.o
                0x30008fe4                HAL_CODEC_CS42448_Init
 .text.CODEC_Init
                0x30009040       0x38 ./codec/fsl_codec_common.o
                0x30009040                CODEC_Init
 .text.CS42448_DelayMs
                0x30009078       0x38 ./codec/fsl_cs42448.o
 .text.CS42448_Init
                0x300090b0      0x178 ./codec/fsl_cs42448.o
                0x300090b0                CS42448_Init
 .text.CS42448_SetProtocol
                0x30009228       0xdc ./codec/fsl_cs42448.o
                0x30009228                CS42448_SetProtocol
 .text.CS42448_ConfigDataFormat
                0x30009304      0x234 ./codec/fsl_cs42448.o
                0x30009304                CS42448_ConfigDataFormat
 .text.CS42448_WriteReg
                0x30009538       0x48 ./codec/fsl_cs42448.o
                0x30009538                CS42448_WriteReg
 .text.CS42448_ReadReg
                0x30009580       0x44 ./codec/fsl_cs42448.o
                0x30009580                CS42448_ReadReg
 .text.ARM_MPU_Enable
                0x300095c4       0x44 ./board/board.o
 .text.ARM_MPU_Disable
                0x30009608       0x40 ./board/board.o
 .text.CLOCK_GetRootClockMux
                0x30009648       0x2c ./board/board.o
 .text.CLOCK_GetRootClockDiv
                0x30009674       0x28 ./board/board.o
 .text.CLOCK_GetRootClockFreq
                0x3000969c       0x58 ./board/board.o
 .text.BOARD_ConfigMPU
                0x300096f4      0x370 ./board/board.o
                0x300096f4                BOARD_ConfigMPU
 .text.CLOCK_GetRootClockMux
                0x30009a64       0x2c ./board/clock_config.o
 .text.CLOCK_GetRootClockDiv
                0x30009a90       0x28 ./board/clock_config.o
 .text.CLOCK_SetRootClock
                0x30009ab8       0x6c ./board/clock_config.o
 .text.CLOCK_GetRootClockFreq
                0x30009b24       0x58 ./board/clock_config.o
 .text.CLOCK_OSC_EnableOsc48M
                0x30009b7c       0x3c ./board/clock_config.o
 .text.CLOCK_OSC_EnableOsc48MDiv2
                0x30009bb8       0x3c ./board/clock_config.o
 .text.CLOCK_OSC_GateOscRc400M
                0x30009bf4       0x3c ./board/clock_config.o
 .text.IOMUXC_MQSConfig
                0x30009c30       0x40 ./board/clock_config.o
 .text.BOARD_BootClockRUN
                0x30009c70      0x7c0 ./board/clock_config.o
                0x30009c70                BOARD_BootClockRUN
 .text.CLOCK_ControlGate
                0x3000a430       0x7c ./board/pin_mux.o
 .text.BOARD_InitPins
                0x3000a4ac      0x4d0 ./board/pin_mux.o
                0x3000a4ac                BOARD_InitPins
 .text._initio  0x3000a97c       0x78 c:/nxp/mcuxpressoide_11.9.0_2144/ide/plugins/com.nxp.mcuxpresso.tools.win32_11.9.0.202307121226/tools/bin/../lib/gcc/arm-none-eabi/12.3.1/../../../../arm-none-eabi/lib/thumb/v7e-m+dp/hard\libcr_c.a(initio.o)
                0x3000a97c                _initio
 .text._Cwritebuf
                0x3000a9f4       0x6c c:/nxp/mcuxpressoide_11.9.0_2144/ide/plugins/com.nxp.mcuxpresso.tools.win32_11.9.0.202307121226/tools/bin/../lib/gcc/arm-none-eabi/12.3.1/../../../../arm-none-eabi/lib/thumb/v7e-m+dp/hard\libcr_c.a(_writebuf.o)
                0x3000a9f4                _Cwritebuf
 .text.fflush   0x3000aa60       0x3c c:/nxp/mcuxpressoide_11.9.0_2144/ide/plugins/com.nxp.mcuxpresso.tools.win32_11.9.0.202307121226/tools/bin/../lib/gcc/arm-none-eabi/12.3.1/../../../../arm-none-eabi/lib/thumb/v7e-m+dp/hard\libcr_c.a(fflush.o)
                0x3000aa60                fflush
 .text.fseek    0x3000aa9c       0xf8 c:/nxp/mcuxpressoide_11.9.0_2144/ide/plugins/com.nxp.mcuxpresso.tools.win32_11.9.0.202307121226/tools/bin/../lib/gcc/arm-none-eabi/12.3.1/../../../../arm-none-eabi/lib/thumb/v7e-m+dp/hard\libcr_c.a(fseek.o)
                0x3000aa9c                fseek
 .text.ftell    0x3000ab94       0x44 c:/nxp/mcuxpressoide_11.9.0_2144/ide/plugins/com.nxp.mcuxpresso.tools.win32_11.9.0.202307121226/tools/bin/../lib/gcc/arm-none-eabi/12.3.1/../../../../arm-none-eabi/lib/thumb/v7e-m+dp/hard\libcr_c.a(ftell.o)
                0x3000ab94                ftell
 .text.fsl_assert_hook
                0x3000abd8       0x1a ./utilities/fsl_assert.o
                0x3000abd8                fsl_assert_hook
 .text.DbgConsole_Printf
                0x3000abf2       0x2c ./utilities/fsl_debug_console.o
                0x3000abf2                DbgConsole_Printf
 .text.DbgConsole_PrintfPaddingCharacter
                0x3000ac1e       0x40 ./utilities/fsl_debug_console.o
 .text.DbgConsole_ConvertRadixNumToString
                0x3000ac5e       0xc2 ./utilities/fsl_debug_console.o
 .text.DMA0_DMA16_IRQHandler
                0x3000ad20        0x8 ./startup/startup_mimxrt1176_cm7.o
                0x3000ad20                DMA0_DMA16_IRQHandler
 .text.DMA1_DMA17_IRQHandler
                0x3000ad28        0x8 ./startup/startup_mimxrt1176_cm7.o
                0x3000ad28                DMA1_DMA17_IRQHandler
 .text.DMA2_DMA18_IRQHandler
                0x3000ad30        0x8 ./startup/startup_mimxrt1176_cm7.o
                0x3000ad30                DMA2_DMA18_IRQHandler
 .text.DMA3_DMA19_IRQHandler
                0x3000ad38        0x8 ./startup/startup_mimxrt1176_cm7.o
                0x3000ad38                DMA3_DMA19_IRQHandler
 .text.DMA4_DMA20_IRQHandler
                0x3000ad40        0x8 ./startup/startup_mimxrt1176_cm7.o
                0x3000ad40                DMA4_DMA20_IRQHandler
 .text.DMA5_DMA21_IRQHandler
                0x3000ad48        0x8 ./startup/startup_mimxrt1176_cm7.o
                0x3000ad48                DMA5_DMA21_IRQHandler
 .text.DMA6_DMA22_IRQHandler
                0x3000ad50        0x8 ./startup/startup_mimxrt1176_cm7.o
                0x3000ad50                DMA6_DMA22_IRQHandler
 .text.DMA7_DMA23_IRQHandler
                0x3000ad58        0x8 ./startup/startup_mimxrt1176_cm7.o
                0x3000ad58                DMA7_DMA23_IRQHandler
 .text.DMA8_DMA24_IRQHandler
                0x3000ad60        0x8 ./startup/startup_mimxrt1176_cm7.o
                0x3000ad60                DMA8_DMA24_IRQHandler
 .text.DMA9_DMA25_IRQHandler
                0x3000ad68        0x8 ./startup/startup_mimxrt1176_cm7.o
                0x3000ad68                DMA9_DMA25_IRQHandler
 .text.DMA10_DMA26_IRQHandler
                0x3000ad70        0x8 ./startup/startup_mimxrt1176_cm7.o
                0x3000ad70                DMA10_DMA26_IRQHandler
 .text.DMA11_DMA27_IRQHandler
                0x3000ad78        0x8 ./startup/startup_mimxrt1176_cm7.o
                0x3000ad78                DMA11_DMA27_IRQHandler
 .text.DMA12_DMA28_IRQHandler
                0x3000ad80        0x8 ./startup/startup_mimxrt1176_cm7.o
                0x3000ad80                DMA12_DMA28_IRQHandler
 .text.DMA13_DMA29_IRQHandler
                0x3000ad88        0x8 ./startup/startup_mimxrt1176_cm7.o
                0x3000ad88                DMA13_DMA29_IRQHandler
 .text.DMA14_DMA30_IRQHandler
                0x3000ad90        0x8 ./startup/startup_mimxrt1176_cm7.o
                0x3000ad90                DMA14_DMA30_IRQHandler
 .text.DMA15_DMA31_IRQHandler
                0x3000ad98        0x8 ./startup/startup_mimxrt1176_cm7.o
                0x3000ad98                DMA15_DMA31_IRQHandler
 .text.DMA_ERROR_IRQHandler
                0x3000ada0        0x8 ./startup/startup_mimxrt1176_cm7.o
                0x3000ada0                DMA_ERROR_IRQHandler
 .text.CTI_TRIGGER_OUT0_IRQHandler
                0x3000ada8        0x8 ./startup/startup_mimxrt1176_cm7.o
                0x3000ada8                CTI_TRIGGER_OUT0_IRQHandler
 .text.CTI_TRIGGER_OUT1_IRQHandler
                0x3000adb0        0x8 ./startup/startup_mimxrt1176_cm7.o
                0x3000adb0                CTI_TRIGGER_OUT1_IRQHandler
 .text.CORE_IRQHandler
                0x3000adb8        0x8 ./startup/startup_mimxrt1176_cm7.o
                0x3000adb8                CORE_IRQHandler
 .text.LPUART1_IRQHandler
                0x3000adc0        0x8 ./startup/startup_mimxrt1176_cm7.o
                0x3000adc0                LPUART1_IRQHandler
 .text.LPUART2_IRQHandler
                0x3000adc8        0x8 ./startup/startup_mimxrt1176_cm7.o
                0x3000adc8                LPUART2_IRQHandler
 .text.LPUART3_IRQHandler
                0x3000add0        0x8 ./startup/startup_mimxrt1176_cm7.o
                0x3000add0                LPUART3_IRQHandler
 .text.LPUART4_IRQHandler
                0x3000add8        0x8 ./startup/startup_mimxrt1176_cm7.o
                0x3000add8                LPUART4_IRQHandler
 .text.LPUART5_IRQHandler
                0x3000ade0        0x8 ./startup/startup_mimxrt1176_cm7.o
                0x3000ade0                LPUART5_IRQHandler
 .text.LPUART6_IRQHandler
                0x3000ade8        0x8 ./startup/startup_mimxrt1176_cm7.o
                0x3000ade8                LPUART6_IRQHandler
 .text.LPUART7_IRQHandler
                0x3000adf0        0x8 ./startup/startup_mimxrt1176_cm7.o
                0x3000adf0                LPUART7_IRQHandler
 .text.LPUART8_IRQHandler
                0x3000adf8        0x8 ./startup/startup_mimxrt1176_cm7.o
                0x3000adf8                LPUART8_IRQHandler
 .text.LPUART9_IRQHandler
                0x3000ae00        0x8 ./startup/startup_mimxrt1176_cm7.o
                0x3000ae00                LPUART9_IRQHandler
 .text.LPUART10_IRQHandler
                0x3000ae08        0x8 ./startup/startup_mimxrt1176_cm7.o
                0x3000ae08                LPUART10_IRQHandler
 .text.LPUART11_IRQHandler
                0x3000ae10        0x8 ./startup/startup_mimxrt1176_cm7.o
                0x3000ae10                LPUART11_IRQHandler
 .text.LPUART12_IRQHandler
                0x3000ae18        0x8 ./startup/startup_mimxrt1176_cm7.o
                0x3000ae18                LPUART12_IRQHandler
 .text.LPI2C1_IRQHandler
                0x3000ae20        0x8 ./startup/startup_mimxrt1176_cm7.o
                0x3000ae20                LPI2C1_IRQHandler
 .text.LPI2C2_IRQHandler
                0x3000ae28        0x8 ./startup/startup_mimxrt1176_cm7.o
                0x3000ae28                LPI2C2_IRQHandler
 .text.LPI2C3_IRQHandler
                0x3000ae30        0x8 ./startup/startup_mimxrt1176_cm7.o
                0x3000ae30                LPI2C3_IRQHandler
 .text.LPI2C4_IRQHandler
                0x3000ae38        0x8 ./startup/startup_mimxrt1176_cm7.o
                0x3000ae38                LPI2C4_IRQHandler
 .text.LPI2C5_IRQHandler
                0x3000ae40        0x8 ./startup/startup_mimxrt1176_cm7.o
                0x3000ae40                LPI2C5_IRQHandler
 .text.LPI2C6_IRQHandler
                0x3000ae48        0x8 ./startup/startup_mimxrt1176_cm7.o
                0x3000ae48                LPI2C6_IRQHandler
 .text.LPSPI1_IRQHandler
                0x3000ae50        0x8 ./startup/startup_mimxrt1176_cm7.o
                0x3000ae50                LPSPI1_IRQHandler
 .text.LPSPI2_IRQHandler
                0x3000ae58        0x8 ./startup/startup_mimxrt1176_cm7.o
                0x3000ae58                LPSPI2_IRQHandler
 .text.LPSPI3_IRQHandler
                0x3000ae60        0x8 ./startup/startup_mimxrt1176_cm7.o
                0x3000ae60                LPSPI3_IRQHandler
 .text.LPSPI4_IRQHandler
                0x3000ae68        0x8 ./startup/startup_mimxrt1176_cm7.o
                0x3000ae68                LPSPI4_IRQHandler
 .text.LPSPI5_IRQHandler
                0x3000ae70        0x8 ./startup/startup_mimxrt1176_cm7.o
                0x3000ae70                LPSPI5_IRQHandler
 .text.LPSPI6_IRQHandler
                0x3000ae78        0x8 ./startup/startup_mimxrt1176_cm7.o
                0x3000ae78                LPSPI6_IRQHandler
 .text.CAN1_IRQHandler
                0x3000ae80        0x8 ./startup/startup_mimxrt1176_cm7.o
                0x3000ae80                CAN1_IRQHandler
 .text.CAN1_ERROR_IRQHandler
                0x3000ae88        0x8 ./startup/startup_mimxrt1176_cm7.o
                0x3000ae88                CAN1_ERROR_IRQHandler
 .text.CAN2_IRQHandler
                0x3000ae90        0x8 ./startup/startup_mimxrt1176_cm7.o
                0x3000ae90                CAN2_IRQHandler
 .text.CAN2_ERROR_IRQHandler
                0x3000ae98        0x8 ./startup/startup_mimxrt1176_cm7.o
                0x3000ae98                CAN2_ERROR_IRQHandler
 .text.CAN3_IRQHandler
                0x3000aea0        0x8 ./startup/startup_mimxrt1176_cm7.o
                0x3000aea0                CAN3_IRQHandler
 .text.CAN3_ERROR_IRQHandler
                0x3000aea8        0x8 ./startup/startup_mimxrt1176_cm7.o
                0x3000aea8                CAN3_ERROR_IRQHandler
 .text.FLEXRAM_IRQHandler
                0x3000aeb0        0x8 ./startup/startup_mimxrt1176_cm7.o
                0x3000aeb0                FLEXRAM_IRQHandler
 .text.KPP_IRQHandler
                0x3000aeb8        0x8 ./startup/startup_mimxrt1176_cm7.o
                0x3000aeb8                KPP_IRQHandler
 .text.Reserved68_IRQHandler
                0x3000aec0        0x8 ./startup/startup_mimxrt1176_cm7.o
                0x3000aec0                Reserved68_IRQHandler
 .text.GPR_IRQ_IRQHandler
                0x3000aec8        0x8 ./startup/startup_mimxrt1176_cm7.o
                0x3000aec8                GPR_IRQ_IRQHandler
 .text.eLCDIF_IRQHandler
                0x3000aed0        0x8 ./startup/startup_mimxrt1176_cm7.o
                0x3000aed0                eLCDIF_IRQHandler
 .text.LCDIFv2_IRQHandler
                0x3000aed8        0x8 ./startup/startup_mimxrt1176_cm7.o
                0x3000aed8                LCDIFv2_IRQHandler
 .text.CSI_IRQHandler
                0x3000aee0        0x8 ./startup/startup_mimxrt1176_cm7.o
                0x3000aee0                CSI_IRQHandler
 .text.PXP_IRQHandler
                0x3000aee8        0x8 ./startup/startup_mimxrt1176_cm7.o
                0x3000aee8                PXP_IRQHandler
 .text.MIPI_CSI_IRQHandler
                0x3000aef0        0x8 ./startup/startup_mimxrt1176_cm7.o
                0x3000aef0                MIPI_CSI_IRQHandler
 .text.MIPI_DSI_IRQHandler
                0x3000aef8        0x8 ./startup/startup_mimxrt1176_cm7.o
                0x3000aef8                MIPI_DSI_IRQHandler
 .text.GPU2D_IRQHandler
                0x3000af00        0x8 ./startup/startup_mimxrt1176_cm7.o
                0x3000af00                GPU2D_IRQHandler
 .text.GPIO6_Combined_0_15_IRQHandler
                0x3000af08        0x8 ./startup/startup_mimxrt1176_cm7.o
                0x3000af08                GPIO6_Combined_0_15_IRQHandler
 .text.GPIO6_Combined_16_31_IRQHandler
                0x3000af10        0x8 ./startup/startup_mimxrt1176_cm7.o
                0x3000af10                GPIO6_Combined_16_31_IRQHandler
 .text.DAC_IRQHandler
                0x3000af18        0x8 ./startup/startup_mimxrt1176_cm7.o
                0x3000af18                DAC_IRQHandler
 .text.KEY_MANAGER_IRQHandler
                0x3000af20        0x8 ./startup/startup_mimxrt1176_cm7.o
                0x3000af20                KEY_MANAGER_IRQHandler
 .text.WDOG2_IRQHandler
                0x3000af28        0x8 ./startup/startup_mimxrt1176_cm7.o
                0x3000af28                WDOG2_IRQHandler
 .text.SNVS_HP_NON_TZ_IRQHandler
                0x3000af30        0x8 ./startup/startup_mimxrt1176_cm7.o
                0x3000af30                SNVS_HP_NON_TZ_IRQHandler
 .text.SNVS_HP_TZ_IRQHandler
                0x3000af38        0x8 ./startup/startup_mimxrt1176_cm7.o
                0x3000af38                SNVS_HP_TZ_IRQHandler
 .text.SNVS_PULSE_EVENT_IRQHandler
                0x3000af40        0x8 ./startup/startup_mimxrt1176_cm7.o
                0x3000af40                SNVS_PULSE_EVENT_IRQHandler
 .text.CAAM_IRQ0_IRQHandler
                0x3000af48        0x8 ./startup/startup_mimxrt1176_cm7.o
                0x3000af48                CAAM_IRQ0_IRQHandler
 .text.CAAM_IRQ1_IRQHandler
                0x3000af50        0x8 ./startup/startup_mimxrt1176_cm7.o
                0x3000af50                CAAM_IRQ1_IRQHandler
 .text.CAAM_IRQ2_IRQHandler
                0x3000af58        0x8 ./startup/startup_mimxrt1176_cm7.o
                0x3000af58                CAAM_IRQ2_IRQHandler
 .text.CAAM_IRQ3_IRQHandler
                0x3000af60        0x8 ./startup/startup_mimxrt1176_cm7.o
                0x3000af60                CAAM_IRQ3_IRQHandler
 .text.CAAM_RECORVE_ERRPR_IRQHandler
                0x3000af68        0x8 ./startup/startup_mimxrt1176_cm7.o
                0x3000af68                CAAM_RECORVE_ERRPR_IRQHandler
 .text.CAAM_RTIC_IRQHandler
                0x3000af70        0x8 ./startup/startup_mimxrt1176_cm7.o
                0x3000af70                CAAM_RTIC_IRQHandler
 .text.CDOG_IRQHandler
                0x3000af78        0x8 ./startup/startup_mimxrt1176_cm7.o
                0x3000af78                CDOG_IRQHandler
 .text.SAI1_IRQHandler
                0x3000af80        0x8 ./startup/startup_mimxrt1176_cm7.o
                0x3000af80                SAI1_IRQHandler
 .text.SAI2_IRQHandler
                0x3000af88        0x8 ./startup/startup_mimxrt1176_cm7.o
                0x3000af88                SAI2_IRQHandler
 .text.SAI3_RX_IRQHandler
                0x3000af90        0x8 ./startup/startup_mimxrt1176_cm7.o
                0x3000af90                SAI3_RX_IRQHandler
 .text.SAI3_TX_IRQHandler
                0x3000af98        0x8 ./startup/startup_mimxrt1176_cm7.o
                0x3000af98                SAI3_TX_IRQHandler
 .text.SAI4_RX_IRQHandler
                0x3000afa0        0x8 ./startup/startup_mimxrt1176_cm7.o
                0x3000afa0                SAI4_RX_IRQHandler
 .text.SAI4_TX_IRQHandler
                0x3000afa8        0x8 ./startup/startup_mimxrt1176_cm7.o
                0x3000afa8                SAI4_TX_IRQHandler
 .text.SPDIF_IRQHandler
                0x3000afb0        0x8 ./startup/startup_mimxrt1176_cm7.o
                0x3000afb0                SPDIF_IRQHandler
 .text.TMPSNS_INT_IRQHandler
                0x3000afb8        0x8 ./startup/startup_mimxrt1176_cm7.o
                0x3000afb8                TMPSNS_INT_IRQHandler
 .text.TMPSNS_LOW_HIGH_IRQHandler
                0x3000afc0        0x8 ./startup/startup_mimxrt1176_cm7.o
                0x3000afc0                TMPSNS_LOW_HIGH_IRQHandler
 .text.TMPSNS_PANIC_IRQHandler
                0x3000afc8        0x8 ./startup/startup_mimxrt1176_cm7.o
                0x3000afc8                TMPSNS_PANIC_IRQHandler
 .text.LPSR_LP8_BROWNOUT_IRQHandler
                0x3000afd0        0x8 ./startup/startup_mimxrt1176_cm7.o
                0x3000afd0                LPSR_LP8_BROWNOUT_IRQHandler
 .text.LPSR_LP0_BROWNOUT_IRQHandler
                0x3000afd8        0x8 ./startup/startup_mimxrt1176_cm7.o
                0x3000afd8                LPSR_LP0_BROWNOUT_IRQHandler
 .text.ADC1_IRQHandler
                0x3000afe0        0x8 ./startup/startup_mimxrt1176_cm7.o
                0x3000afe0                ADC1_IRQHandler
 .text.ADC2_IRQHandler
                0x3000afe8        0x8 ./startup/startup_mimxrt1176_cm7.o
                0x3000afe8                ADC2_IRQHandler
 .text.USBPHY1_IRQHandler
                0x3000aff0        0x8 ./startup/startup_mimxrt1176_cm7.o
                0x3000aff0                USBPHY1_IRQHandler
 .text.USBPHY2_IRQHandler
                0x3000aff8        0x8 ./startup/startup_mimxrt1176_cm7.o
                0x3000aff8                USBPHY2_IRQHandler
 .text.RDC_IRQHandler
                0x3000b000        0x8 ./startup/startup_mimxrt1176_cm7.o
                0x3000b000                RDC_IRQHandler
 .text.GPIO13_Combined_0_31_IRQHandler
                0x3000b008        0x8 ./startup/startup_mimxrt1176_cm7.o
                0x3000b008                GPIO13_Combined_0_31_IRQHandler
 .text.Reserved110_IRQHandler
                0x3000b010        0x8 ./startup/startup_mimxrt1176_cm7.o
                0x3000b010                Reserved110_IRQHandler
 .text.DCIC1_IRQHandler
                0x3000b018        0x8 ./startup/startup_mimxrt1176_cm7.o
                0x3000b018                DCIC1_IRQHandler
 .text.DCIC2_IRQHandler
                0x3000b020        0x8 ./startup/startup_mimxrt1176_cm7.o
                0x3000b020                DCIC2_IRQHandler
 .text.ASRC_IRQHandler
                0x3000b028        0x8 ./startup/startup_mimxrt1176_cm7.o
                0x3000b028                ASRC_IRQHandler
 .text.FLEXRAM_ECC_IRQHandler
                0x3000b030        0x8 ./startup/startup_mimxrt1176_cm7.o
                0x3000b030                FLEXRAM_ECC_IRQHandler
 .text.CM7_GPIO2_3_IRQHandler
                0x3000b038        0x8 ./startup/startup_mimxrt1176_cm7.o
                0x3000b038                CM7_GPIO2_3_IRQHandler
 .text.GPIO1_Combined_0_15_IRQHandler
                0x3000b040        0x8 ./startup/startup_mimxrt1176_cm7.o
                0x3000b040                GPIO1_Combined_0_15_IRQHandler
 .text.GPIO1_Combined_16_31_IRQHandler
                0x3000b048        0x8 ./startup/startup_mimxrt1176_cm7.o
                0x3000b048                GPIO1_Combined_16_31_IRQHandler
 .text.GPIO2_Combined_0_15_IRQHandler
                0x3000b050        0x8 ./startup/startup_mimxrt1176_cm7.o
                0x3000b050                GPIO2_Combined_0_15_IRQHandler
 .text.GPIO2_Combined_16_31_IRQHandler
                0x3000b058        0x8 ./startup/startup_mimxrt1176_cm7.o
                0x3000b058                GPIO2_Combined_16_31_IRQHandler
 .text.GPIO3_Combined_0_15_IRQHandler
                0x3000b060        0x8 ./startup/startup_mimxrt1176_cm7.o
                0x3000b060                GPIO3_Combined_0_15_IRQHandler
 .text.GPIO3_Combined_16_31_IRQHandler
                0x3000b068        0x8 ./startup/startup_mimxrt1176_cm7.o
                0x3000b068                GPIO3_Combined_16_31_IRQHandler
 .text.GPIO4_Combined_0_15_IRQHandler
                0x3000b070        0x8 ./startup/startup_mimxrt1176_cm7.o
                0x3000b070                GPIO4_Combined_0_15_IRQHandler
 .text.GPIO4_Combined_16_31_IRQHandler
                0x3000b078        0x8 ./startup/startup_mimxrt1176_cm7.o
                0x3000b078                GPIO4_Combined_16_31_IRQHandler
 .text.GPIO5_Combined_0_15_IRQHandler
                0x3000b080        0x8 ./startup/startup_mimxrt1176_cm7.o
                0x3000b080                GPIO5_Combined_0_15_IRQHandler
 .text.GPIO5_Combined_16_31_IRQHandler
                0x3000b088        0x8 ./startup/startup_mimxrt1176_cm7.o
                0x3000b088                GPIO5_Combined_16_31_IRQHandler
 .text.FLEXIO1_IRQHandler
                0x3000b090        0x8 ./startup/startup_mimxrt1176_cm7.o
                0x3000b090                FLEXIO1_IRQHandler
 .text.FLEXIO2_IRQHandler
                0x3000b098        0x8 ./startup/startup_mimxrt1176_cm7.o
                0x3000b098                FLEXIO2_IRQHandler
 .text.WDOG1_IRQHandler
                0x3000b0a0        0x8 ./startup/startup_mimxrt1176_cm7.o
                0x3000b0a0                WDOG1_IRQHandler
 .text.RTWDOG3_IRQHandler
                0x3000b0a8        0x8 ./startup/startup_mimxrt1176_cm7.o
                0x3000b0a8                RTWDOG3_IRQHandler
 .text.EWM_IRQHandler
                0x3000b0b0        0x8 ./startup/startup_mimxrt1176_cm7.o
                0x3000b0b0                EWM_IRQHandler
 .text.OCOTP_READ_FUSE_ERROR_IRQHandler
                0x3000b0b8        0x8 ./startup/startup_mimxrt1176_cm7.o
                0x3000b0b8                OCOTP_READ_FUSE_ERROR_IRQHandler
 .text.OCOTP_READ_DONE_ERROR_IRQHandler
                0x3000b0c0        0x8 ./startup/startup_mimxrt1176_cm7.o
                0x3000b0c0                OCOTP_READ_DONE_ERROR_IRQHandler
 .text.GPC_IRQHandler
                0x3000b0c8        0x8 ./startup/startup_mimxrt1176_cm7.o
                0x3000b0c8                GPC_IRQHandler
 .text.MUA_IRQHandler
                0x3000b0d0        0x8 ./startup/startup_mimxrt1176_cm7.o
                0x3000b0d0                MUA_IRQHandler
 .text.GPT1_IRQHandler
                0x3000b0d8        0x8 ./startup/startup_mimxrt1176_cm7.o
                0x3000b0d8                GPT1_IRQHandler
 .text.GPT2_IRQHandler
                0x3000b0e0        0x8 ./startup/startup_mimxrt1176_cm7.o
                0x3000b0e0                GPT2_IRQHandler
 .text.GPT3_IRQHandler
                0x3000b0e8        0x8 ./startup/startup_mimxrt1176_cm7.o
                0x3000b0e8                GPT3_IRQHandler
 .text.GPT4_IRQHandler
                0x3000b0f0        0x8 ./startup/startup_mimxrt1176_cm7.o
                0x3000b0f0                GPT4_IRQHandler
 .text.GPT5_IRQHandler
                0x3000b0f8        0x8 ./startup/startup_mimxrt1176_cm7.o
                0x3000b0f8                GPT5_IRQHandler
 .text.GPT6_IRQHandler
                0x3000b100        0x8 ./startup/startup_mimxrt1176_cm7.o
                0x3000b100                GPT6_IRQHandler
 .text.PWM1_0_IRQHandler
                0x3000b108        0x8 ./startup/startup_mimxrt1176_cm7.o
                0x3000b108                PWM1_0_IRQHandler
 .text.PWM1_1_IRQHandler
                0x3000b110        0x8 ./startup/startup_mimxrt1176_cm7.o
                0x3000b110                PWM1_1_IRQHandler
 .text.PWM1_2_IRQHandler
                0x3000b118        0x8 ./startup/startup_mimxrt1176_cm7.o
                0x3000b118                PWM1_2_IRQHandler
 .text.PWM1_3_IRQHandler
                0x3000b120        0x8 ./startup/startup_mimxrt1176_cm7.o
                0x3000b120                PWM1_3_IRQHandler
 .text.PWM1_FAULT_IRQHandler
                0x3000b128        0x8 ./startup/startup_mimxrt1176_cm7.o
                0x3000b128                PWM1_FAULT_IRQHandler
 .text.FLEXSPI1_IRQHandler
                0x3000b130        0x8 ./startup/startup_mimxrt1176_cm7.o
                0x3000b130                FLEXSPI1_IRQHandler
 .text.FLEXSPI2_IRQHandler
                0x3000b138        0x8 ./startup/startup_mimxrt1176_cm7.o
                0x3000b138                FLEXSPI2_IRQHandler
 .text.SEMC_IRQHandler
                0x3000b140        0x8 ./startup/startup_mimxrt1176_cm7.o
                0x3000b140                SEMC_IRQHandler
 .text.USDHC1_IRQHandler
                0x3000b148        0x8 ./startup/startup_mimxrt1176_cm7.o
                0x3000b148                USDHC1_IRQHandler
 .text.USDHC2_IRQHandler
                0x3000b150        0x8 ./startup/startup_mimxrt1176_cm7.o
                0x3000b150                USDHC2_IRQHandler
 .text.USB_OTG2_IRQHandler
                0x3000b158        0x8 ./startup/startup_mimxrt1176_cm7.o
                0x3000b158                USB_OTG2_IRQHandler
 .text.USB_OTG1_IRQHandler
                0x3000b160        0x8 ./startup/startup_mimxrt1176_cm7.o
                0x3000b160                USB_OTG1_IRQHandler
 .text.ENET_IRQHandler
                0x3000b168        0x8 ./startup/startup_mimxrt1176_cm7.o
                0x3000b168                ENET_IRQHandler
 .text.ENET_1588_Timer_IRQHandler
                0x3000b170        0x8 ./startup/startup_mimxrt1176_cm7.o
                0x3000b170                ENET_1588_Timer_IRQHandler
 .text.ENET_1G_MAC0_Tx_Rx_1_IRQHandler
                0x3000b178        0x8 ./startup/startup_mimxrt1176_cm7.o
                0x3000b178                ENET_1G_MAC0_Tx_Rx_1_IRQHandler
 .text.ENET_1G_MAC0_Tx_Rx_2_IRQHandler
                0x3000b180        0x8 ./startup/startup_mimxrt1176_cm7.o
                0x3000b180                ENET_1G_MAC0_Tx_Rx_2_IRQHandler
 .text.ENET_1G_IRQHandler
                0x3000b188        0x8 ./startup/startup_mimxrt1176_cm7.o
                0x3000b188                ENET_1G_IRQHandler
 .text.ENET_1G_1588_Timer_IRQHandler
                0x3000b190        0x8 ./startup/startup_mimxrt1176_cm7.o
                0x3000b190                ENET_1G_1588_Timer_IRQHandler
 .text.XBAR1_IRQ_0_1_IRQHandler
                0x3000b198        0x8 ./startup/startup_mimxrt1176_cm7.o
                0x3000b198                XBAR1_IRQ_0_1_IRQHandler
 .text.XBAR1_IRQ_2_3_IRQHandler
                0x3000b1a0        0x8 ./startup/startup_mimxrt1176_cm7.o
                0x3000b1a0                XBAR1_IRQ_2_3_IRQHandler
 .text.ADC_ETC_IRQ0_IRQHandler
                0x3000b1a8        0x8 ./startup/startup_mimxrt1176_cm7.o
                0x3000b1a8                ADC_ETC_IRQ0_IRQHandler
 .text.ADC_ETC_IRQ1_IRQHandler
                0x3000b1b0        0x8 ./startup/startup_mimxrt1176_cm7.o
                0x3000b1b0                ADC_ETC_IRQ1_IRQHandler
 .text.ADC_ETC_IRQ2_IRQHandler
                0x3000b1b8        0x8 ./startup/startup_mimxrt1176_cm7.o
                0x3000b1b8                ADC_ETC_IRQ2_IRQHandler
 .text.ADC_ETC_IRQ3_IRQHandler
                0x3000b1c0        0x8 ./startup/startup_mimxrt1176_cm7.o
                0x3000b1c0                ADC_ETC_IRQ3_IRQHandler
 .text.ADC_ETC_ERROR_IRQ_IRQHandler
                0x3000b1c8        0x8 ./startup/startup_mimxrt1176_cm7.o
                0x3000b1c8                ADC_ETC_ERROR_IRQ_IRQHandler
 .text.Reserved166_IRQHandler
                0x3000b1d0        0x8 ./startup/startup_mimxrt1176_cm7.o
                0x3000b1d0                Reserved166_IRQHandler
 .text.Reserved167_IRQHandler
                0x3000b1d8        0x8 ./startup/startup_mimxrt1176_cm7.o
                0x3000b1d8                Reserved167_IRQHandler
 .text.Reserved168_IRQHandler
                0x3000b1e0        0x8 ./startup/startup_mimxrt1176_cm7.o
                0x3000b1e0                Reserved168_IRQHandler
 .text.Reserved169_IRQHandler
                0x3000b1e8        0x8 ./startup/startup_mimxrt1176_cm7.o
                0x3000b1e8                Reserved169_IRQHandler
 .text.Reserved170_IRQHandler
                0x3000b1f0        0x8 ./startup/startup_mimxrt1176_cm7.o
                0x3000b1f0                Reserved170_IRQHandler
 .text.PIT1_IRQHandler
                0x3000b1f8        0x8 ./startup/startup_mimxrt1176_cm7.o
                0x3000b1f8                PIT1_IRQHandler
 .text.PIT2_IRQHandler
                0x3000b200        0x8 ./startup/startup_mimxrt1176_cm7.o
                0x3000b200                PIT2_IRQHandler
 .text.ACMP1_IRQHandler
                0x3000b208        0x8 ./startup/startup_mimxrt1176_cm7.o
                0x3000b208                ACMP1_IRQHandler
 .text.ACMP2_IRQHandler
                0x3000b210        0x8 ./startup/startup_mimxrt1176_cm7.o
                0x3000b210                ACMP2_IRQHandler
 .text.ACMP3_IRQHandler
                0x3000b218        0x8 ./startup/startup_mimxrt1176_cm7.o
                0x3000b218                ACMP3_IRQHandler
 .text.ACMP4_IRQHandler
                0x3000b220        0x8 ./startup/startup_mimxrt1176_cm7.o
                0x3000b220                ACMP4_IRQHandler
 .text.Reserved177_IRQHandler
                0x3000b228        0x8 ./startup/startup_mimxrt1176_cm7.o
                0x3000b228                Reserved177_IRQHandler
 .text.Reserved178_IRQHandler
                0x3000b230        0x8 ./startup/startup_mimxrt1176_cm7.o
                0x3000b230                Reserved178_IRQHandler
 .text.Reserved179_IRQHandler
                0x3000b238        0x8 ./startup/startup_mimxrt1176_cm7.o
                0x3000b238                Reserved179_IRQHandler
 .text.Reserved180_IRQHandler
                0x3000b240        0x8 ./startup/startup_mimxrt1176_cm7.o
                0x3000b240                Reserved180_IRQHandler
 .text.ENC1_IRQHandler
                0x3000b248        0x8 ./startup/startup_mimxrt1176_cm7.o
                0x3000b248                ENC1_IRQHandler
 .text.ENC2_IRQHandler
                0x3000b250        0x8 ./startup/startup_mimxrt1176_cm7.o
                0x3000b250                ENC2_IRQHandler
 .text.ENC3_IRQHandler
                0x3000b258        0x8 ./startup/startup_mimxrt1176_cm7.o
                0x3000b258                ENC3_IRQHandler
 .text.ENC4_IRQHandler
                0x3000b260        0x8 ./startup/startup_mimxrt1176_cm7.o
                0x3000b260                ENC4_IRQHandler
 .text.Reserved185_IRQHandler
                0x3000b268        0x8 ./startup/startup_mimxrt1176_cm7.o
                0x3000b268                Reserved185_IRQHandler
 .text.Reserved186_IRQHandler
                0x3000b270        0x8 ./startup/startup_mimxrt1176_cm7.o
                0x3000b270                Reserved186_IRQHandler
 .text.TMR1_IRQHandler
                0x3000b278        0x8 ./startup/startup_mimxrt1176_cm7.o
                0x3000b278                TMR1_IRQHandler
 .text.TMR2_IRQHandler
                0x3000b280        0x8 ./startup/startup_mimxrt1176_cm7.o
                0x3000b280                TMR2_IRQHandler
 .text.TMR3_IRQHandler
                0x3000b288        0x8 ./startup/startup_mimxrt1176_cm7.o
                0x3000b288                TMR3_IRQHandler
 .text.TMR4_IRQHandler
                0x3000b290        0x8 ./startup/startup_mimxrt1176_cm7.o
                0x3000b290                TMR4_IRQHandler
 .text.SEMA4_CP0_IRQHandler
                0x3000b298        0x8 ./startup/startup_mimxrt1176_cm7.o
                0x3000b298                SEMA4_CP0_IRQHandler
 .text.SEMA4_CP1_IRQHandler
                0x3000b2a0        0x8 ./startup/startup_mimxrt1176_cm7.o
                0x3000b2a0                SEMA4_CP1_IRQHandler
 .text.PWM2_0_IRQHandler
                0x3000b2a8        0x8 ./startup/startup_mimxrt1176_cm7.o
                0x3000b2a8                PWM2_0_IRQHandler
 .text.PWM2_1_IRQHandler
                0x3000b2b0        0x8 ./startup/startup_mimxrt1176_cm7.o
                0x3000b2b0                PWM2_1_IRQHandler
 .text.PWM2_2_IRQHandler
                0x3000b2b8        0x8 ./startup/startup_mimxrt1176_cm7.o
                0x3000b2b8                PWM2_2_IRQHandler
 .text.PWM2_3_IRQHandler
                0x3000b2c0        0x8 ./startup/startup_mimxrt1176_cm7.o
                0x3000b2c0                PWM2_3_IRQHandler
 .text.PWM2_FAULT_IRQHandler
                0x3000b2c8        0x8 ./startup/startup_mimxrt1176_cm7.o
                0x3000b2c8                PWM2_FAULT_IRQHandler
 .text.PWM3_0_IRQHandler
                0x3000b2d0        0x8 ./startup/startup_mimxrt1176_cm7.o
                0x3000b2d0                PWM3_0_IRQHandler
 .text.PWM3_1_IRQHandler
                0x3000b2d8        0x8 ./startup/startup_mimxrt1176_cm7.o
                0x3000b2d8                PWM3_1_IRQHandler
 .text.PWM3_2_IRQHandler
                0x3000b2e0        0x8 ./startup/startup_mimxrt1176_cm7.o
                0x3000b2e0                PWM3_2_IRQHandler
 .text.PWM3_3_IRQHandler
                0x3000b2e8        0x8 ./startup/startup_mimxrt1176_cm7.o
                0x3000b2e8                PWM3_3_IRQHandler
 .text.PWM3_FAULT_IRQHandler
                0x3000b2f0        0x8 ./startup/startup_mimxrt1176_cm7.o
                0x3000b2f0                PWM3_FAULT_IRQHandler
 .text.PWM4_0_IRQHandler
                0x3000b2f8        0x8 ./startup/startup_mimxrt1176_cm7.o
                0x3000b2f8                PWM4_0_IRQHandler
 .text.PWM4_1_IRQHandler
                0x3000b300        0x8 ./startup/startup_mimxrt1176_cm7.o
                0x3000b300                PWM4_1_IRQHandler
 .text.PWM4_2_IRQHandler
                0x3000b308        0x8 ./startup/startup_mimxrt1176_cm7.o
                0x3000b308                PWM4_2_IRQHandler
 .text.PWM4_3_IRQHandler
                0x3000b310        0x8 ./startup/startup_mimxrt1176_cm7.o
                0x3000b310                PWM4_3_IRQHandler
 .text.PWM4_FAULT_IRQHandler
                0x3000b318        0x8 ./startup/startup_mimxrt1176_cm7.o
                0x3000b318                PWM4_FAULT_IRQHandler
 .text.Reserved208_IRQHandler
                0x3000b320        0x8 ./startup/startup_mimxrt1176_cm7.o
                0x3000b320                Reserved208_IRQHandler
 .text.Reserved209_IRQHandler
                0x3000b328        0x8 ./startup/startup_mimxrt1176_cm7.o
                0x3000b328                Reserved209_IRQHandler
 .text.Reserved210_IRQHandler
                0x3000b330        0x8 ./startup/startup_mimxrt1176_cm7.o
                0x3000b330                Reserved210_IRQHandler
 .text.Reserved211_IRQHandler
                0x3000b338        0x8 ./startup/startup_mimxrt1176_cm7.o
                0x3000b338                Reserved211_IRQHandler
 .text.Reserved212_IRQHandler
                0x3000b340        0x8 ./startup/startup_mimxrt1176_cm7.o
                0x3000b340                Reserved212_IRQHandler
 .text.Reserved213_IRQHandler
                0x3000b348        0x8 ./startup/startup_mimxrt1176_cm7.o
                0x3000b348                Reserved213_IRQHandler
 .text.Reserved214_IRQHandler
                0x3000b350        0x8 ./startup/startup_mimxrt1176_cm7.o
                0x3000b350                Reserved214_IRQHandler
 .text.Reserved215_IRQHandler
                0x3000b358        0x8 ./startup/startup_mimxrt1176_cm7.o
                0x3000b358                Reserved215_IRQHandler
 .text.PDM_HWVAD_EVENT_IRQHandler
                0x3000b360        0x8 ./startup/startup_mimxrt1176_cm7.o
                0x3000b360                PDM_HWVAD_EVENT_IRQHandler
 .text.PDM_HWVAD_ERROR_IRQHandler
                0x3000b368        0x8 ./startup/startup_mimxrt1176_cm7.o
                0x3000b368                PDM_HWVAD_ERROR_IRQHandler
 .text.PDM_EVENT_IRQHandler
                0x3000b370        0x8 ./startup/startup_mimxrt1176_cm7.o
                0x3000b370                PDM_EVENT_IRQHandler
 .text.PDM_ERROR_IRQHandler
                0x3000b378        0x8 ./startup/startup_mimxrt1176_cm7.o
                0x3000b378                PDM_ERROR_IRQHandler
 .text.EMVSIM1_IRQHandler
                0x3000b380        0x8 ./startup/startup_mimxrt1176_cm7.o
                0x3000b380                EMVSIM1_IRQHandler
 .text.EMVSIM2_IRQHandler
                0x3000b388        0x8 ./startup/startup_mimxrt1176_cm7.o
                0x3000b388                EMVSIM2_IRQHandler
 .text.MECC1_INT_IRQHandler
                0x3000b390        0x8 ./startup/startup_mimxrt1176_cm7.o
                0x3000b390                MECC1_INT_IRQHandler
 .text.MECC1_FATAL_INT_IRQHandler
                0x3000b398        0x8 ./startup/startup_mimxrt1176_cm7.o
                0x3000b398                MECC1_FATAL_INT_IRQHandler
 .text.MECC2_INT_IRQHandler
                0x3000b3a0        0x8 ./startup/startup_mimxrt1176_cm7.o
                0x3000b3a0                MECC2_INT_IRQHandler
 .text.MECC2_FATAL_INT_IRQHandler
                0x3000b3a8        0x8 ./startup/startup_mimxrt1176_cm7.o
                0x3000b3a8                MECC2_FATAL_INT_IRQHandler
 .text.XECC_FLEXSPI1_INT_IRQHandler
                0x3000b3b0        0x8 ./startup/startup_mimxrt1176_cm7.o
                0x3000b3b0                XECC_FLEXSPI1_INT_IRQHandler
 .text.XECC_FLEXSPI1_FATAL_INT_IRQHandler
                0x3000b3b8        0x8 ./startup/startup_mimxrt1176_cm7.o
                0x3000b3b8                XECC_FLEXSPI1_FATAL_INT_IRQHandler
 .text.XECC_FLEXSPI2_INT_IRQHandler
                0x3000b3c0        0x8 ./startup/startup_mimxrt1176_cm7.o
                0x3000b3c0                XECC_FLEXSPI2_INT_IRQHandler
 .text.XECC_FLEXSPI2_FATAL_INT_IRQHandler
                0x3000b3c8        0x8 ./startup/startup_mimxrt1176_cm7.o
                0x3000b3c8                XECC_FLEXSPI2_FATAL_INT_IRQHandler
 .text.XECC_SEMC_INT_IRQHandler
                0x3000b3d0        0x8 ./startup/startup_mimxrt1176_cm7.o
                0x3000b3d0                XECC_SEMC_INT_IRQHandler
 .text.XECC_SEMC_FATAL_INT_IRQHandler
                0x3000b3d8        0x8 ./startup/startup_mimxrt1176_cm7.o
                0x3000b3d8                XECC_SEMC_FATAL_INT_IRQHandler
 .text.ENET_QOS_IRQHandler
                0x3000b3e0        0x8 ./startup/startup_mimxrt1176_cm7.o
                0x3000b3e0                ENET_QOS_IRQHandler
 .text.ENET_QOS_PMT_IRQHandler
                0x3000b3e8        0x8 ./startup/startup_mimxrt1176_cm7.o
                0x3000b3e8                ENET_QOS_PMT_IRQHandler
 .text.EnableIRQ
                0x3000b3f0       0x32 ./source/sai_edma_tdm_record_playback.o
 .text.HardFault_Handler
                0x3000b422       0x36 ./source/semihost_hardfault.o
                0x3000b422                HardFault_Handler
 .text.ANATOP_AI_Write
                0x3000b458       0x24 ./drivers/fsl_anatop_ai.o
                0x3000b458                ANATOP_AI_Write
 .text.ANATOP_AI_Read
                0x3000b47c       0x28 ./drivers/fsl_anatop_ai.o
                0x3000b47c                ANATOP_AI_Read
 .text.ANATOP_AI_WriteWithMaskShift
                0x3000b4a4       0x4a ./drivers/fsl_anatop_ai.o
                0x3000b4a4                ANATOP_AI_WriteWithMaskShift
 .text.CLOCK_GetM7Freq
                0x3000b4ee       0x10 ./drivers/fsl_clock.o
 .text.ANATOP_PllSetPower
                0x3000b4fe       0x3c ./drivers/fsl_clock.o
 .text.ANATOP_PllBypass
                0x3000b53a       0x30 ./drivers/fsl_clock.o
 .text.ANATOP_PllEnablePllReg
                0x3000b56a       0x30 ./drivers/fsl_clock.o
 .text.ANATOP_PllHoldRingOff
                0x3000b59a       0x30 ./drivers/fsl_clock.o
 .text.ANATOP_PllEnableSs
                0x3000b5ca       0x30 ./drivers/fsl_clock.o
 .text.ANATOP_PllEnableClk
                0x3000b5fa       0x30 ./drivers/fsl_clock.o
 .text.CLOCK_DeinitAudioPll
                0x3000b62a       0x34 ./drivers/fsl_clock.o
                0x3000b62a                CLOCK_DeinitAudioPll
 .text.CLOCK_DeinitSysPll1
                0x3000b65e       0x40 ./drivers/fsl_clock.o
                0x3000b65e                CLOCK_DeinitSysPll1
 .text.CLOCK_OSC_Set1MHzOutputBehavior
                0x3000b69e       0x4c ./drivers/fsl_clock.o
                0x3000b69e                CLOCK_OSC_Set1MHzOutputBehavior
 .text.DelayLoop
                0x3000b6ea       0x20 ./drivers/fsl_common_arm.o
 .text.CLOCK_EnableClock
                0x3000b70a       0x1c ./drivers/fsl_dmamux.o
 .text.CLOCK_EnableClock
                0x3000b726       0x1c ./drivers/fsl_edma.o
 .text.EnableIRQ
                0x3000b742       0x32 ./drivers/fsl_edma.o
 .text.DisableGlobalIRQ
                0x3000b774       0x22 ./drivers/fsl_edma.o
 .text.EnableGlobalIRQ
                0x3000b796       0x20 ./drivers/fsl_edma.o
 .text.EDMA_AbortTransfer
                0x3000b7b6       0x96 ./drivers/fsl_edma.o
                0x3000b7b6                EDMA_AbortTransfer
 .text.CLOCK_EnableClock
                0x3000b84c       0x1c ./drivers/fsl_lpi2c.o
 .text.LPI2C_MasterReset
                0x3000b868       0x20 ./drivers/fsl_lpi2c.o
 .text.LPI2C_MasterEnable
                0x3000b888       0x28 ./drivers/fsl_lpi2c.o
 .text.LPI2C_MasterGetStatusFlags
                0x3000b8b0       0x18 ./drivers/fsl_lpi2c.o
 .text.LPI2C_MasterClearStatusFlags
                0x3000b8c8       0x1c ./drivers/fsl_lpi2c.o
 .text.LPI2C_MasterSetWatermarks
                0x3000b8e4       0x2c ./drivers/fsl_lpi2c.o
 .text.LPI2C_MasterGetFifoCounts
                0x3000b910       0x3e ./drivers/fsl_lpi2c.o
 .text.LPI2C_SlaveEnable
                0x3000b94e       0x2c ./drivers/fsl_lpi2c.o
 .text.LPI2C_MasterCheckAndClearError
                0x3000b97a       0x9c ./drivers/fsl_lpi2c.o
                0x3000b97a                LPI2C_MasterCheckAndClearError
 .text.LPI2C_MasterWaitForTxReady
                0x3000ba16       0x52 ./drivers/fsl_lpi2c.o
 .text.LPI2C_CheckForBusyBus
                0x3000ba68       0x38 ./drivers/fsl_lpi2c.o
                0x3000ba68                LPI2C_CheckForBusyBus
 .text.LPI2C_MasterStop
                0x3000baa0       0x62 ./drivers/fsl_lpi2c.o
                0x3000baa0                LPI2C_MasterStop
 .text.CLOCK_EnableClock
                0x3000bb02       0x1c ./drivers/fsl_lpuart.o
 .text.LPUART_SoftwareReset
                0x3000bb1e       0x2c ./drivers/fsl_lpuart.o
 .text.CLOCK_EnableClock
                0x3000bb4a       0x1c ./drivers/fsl_sai.o
 .text.SAI_TxClearStatusFlags
                0x3000bb66       0x26 ./drivers/fsl_sai.o
 .text.SAI_RxClearStatusFlags
                0x3000bb8c       0x2a ./drivers/fsl_sai.o
 .text.SAI_RxGetEnabledInterruptStatus
                0x3000bbb6       0x40 ./drivers/fsl_sai.o
 .text.SAI_TxGetEnabledInterruptStatus
                0x3000bbf6       0x3e ./drivers/fsl_sai.o
 .text.SAI_TxReset
                0x3000bc34       0x46 ./drivers/fsl_sai.o
                0x3000bc34                SAI_TxReset
 .text.SAI_RxReset
                0x3000bc7a       0x56 ./drivers/fsl_sai.o
                0x3000bc7a                SAI_RxReset
 .text.SAI_TxEnableDMA
                0x3000bcd0       0x44 ./drivers/fsl_sai_edma.o
 .text.SAI_RxEnableDMA
                0x3000bd14       0x4c ./drivers/fsl_sai_edma.o
 .text.SAI_TxGetDataRegisterAddress
                0x3000bd60       0x20 ./drivers/fsl_sai_edma.o
 .text.SAI_RxGetDataRegisterAddress
                0x3000bd80       0x20 ./drivers/fsl_sai_edma.o
 .text.SAI_TxEDMACallback
                0x3000bda0      0x10c ./drivers/fsl_sai_edma.o
 .text.SAI_RxEDMACallback
                0x3000beac      0x10c ./drivers/fsl_sai_edma.o
 .text.SystemInitHook
                0x3000bfb8        0xe ./device/system_MIMXRT1176_cm7.o
                0x3000bfb8                SystemInitHook
 .text.HAL_UartGetStatus
                0x3000bfc6       0x28 ./component/uart/fsl_adapter_lpuart.o
 .text.HAL_CODEC_Init
                0x3000bfee       0x1c ./codec/fsl_codec_common.o
 .text.CODEC_I2C_Init
                0x3000c00a       0x36 ./codec/fsl_codec_i2c.o
                0x3000c00a                CODEC_I2C_Init
 .text.CODEC_I2C_Send
                0x3000c040       0x4e ./codec/fsl_codec_i2c.o
                0x3000c040                CODEC_I2C_Send
 .text.CODEC_I2C_Receive
                0x3000c08e       0x4e ./codec/fsl_codec_i2c.o
                0x3000c08e                CODEC_I2C_Receive
 .text.CS42448_SelectFunctionalMode
                0x3000c0dc       0x4a ./codec/fsl_cs42448.o
                0x3000c0dc                CS42448_SelectFunctionalMode
 .text.CS42448_Reset
                0x3000c126       0x2c ./codec/fsl_cs42448.o
 .text.CS42448_SetAINVolume
                0x3000c152       0x44 ./codec/fsl_cs42448.o
                0x3000c152                CS42448_SetAINVolume
 .text.CS42448_ModifyReg
                0x3000c196       0x64 ./codec/fsl_cs42448.o
                0x3000c196                CS42448_ModifyReg
 .text.BOARD_DebugConsoleSrcFreq
                0x3000c1fa       0x10 ./board/board.o
                0x3000c1fa                BOARD_DebugConsoleSrcFreq
 .text.BOARD_InitDebugConsole
                0x3000c20a       0x22 ./board/board.o
                0x3000c20a                BOARD_InitDebugConsole
 .text.IOMUXC_SetSaiMClkClockSource
                0x3000c22c       0xac ./board/clock_config.o
 .text.DCDC_SetVDD1P0BuckModeTargetVoltage
                0x3000c2d8       0x4c ./board/clock_config.o
 .text.CLOCK_EnableClock
                0x3000c324       0x1c ./board/pin_mux.o
 .text.IOMUXC_SetPinMux
                0x3000c340       0x3a ./board/pin_mux.o